Archive member included to satisfy reference by file (symbol)

c:/ac6/systemworkbench/plugins/fr.ac6.mcu.externaltools.arm-none.win32_1.7.0.201602121829/tools/compiler/bin/../lib/gcc/arm-none-eabi/5.2.1/armv7-m\libgcc.a(_lshrdi3.o)
                              Drivers/STM32F1xx_HAL_Driver/Src/stm32f1xx_hal_flash.o (__aeabi_llsr)
c:/ac6/systemworkbench/plugins/fr.ac6.mcu.externaltools.arm-none.win32_1.7.0.201602121829/tools/compiler/bin/../lib/gcc/arm-none-eabi/5.2.1/armv7-m\libgcc.a(_arm_addsubdf3.o)
                              Src/main.o (__aeabi_ui2d)
c:/ac6/systemworkbench/plugins/fr.ac6.mcu.externaltools.arm-none.win32_1.7.0.201602121829/tools/compiler/bin/../lib/gcc/arm-none-eabi/5.2.1/armv7-m\libgcc.a(_arm_muldivdf3.o)
                              Src/main.o (__aeabi_ddiv)
c:/ac6/systemworkbench/plugins/fr.ac6.mcu.externaltools.arm-none.win32_1.7.0.201602121829/tools/compiler/bin/../lib/gcc/arm-none-eabi/5.2.1/armv7-m\libgcc.a(_arm_truncdfsf2.o)
                              Src/main.o (__aeabi_d2f)
c:/ac6/systemworkbench/plugins/fr.ac6.mcu.externaltools.arm-none.win32_1.7.0.201602121829/tools/compiler/bin/../lib/gcc/arm-none-eabi/5.2.1/armv7-m\libgcc.a(_arm_cmpsf2.o)
                              Src/main.o (__aeabi_fcmpgt)
c:/ac6/systemworkbench/plugins/fr.ac6.mcu.externaltools.arm-none.win32_1.7.0.201602121829/tools/compiler/bin/../lib/gcc/arm-none-eabi/5.2.1/../../../../arm-none-eabi/lib/armv7-m\libc_nano.a(lib_a-exit.o)
                              c:/ac6/systemworkbench/plugins/fr.ac6.mcu.externaltools.arm-none.win32_1.7.0.201602121829/tools/compiler/bin/../lib/gcc/arm-none-eabi/5.2.1/../../../../arm-none-eabi/lib/armv7-m/crt0.o (exit)
c:/ac6/systemworkbench/plugins/fr.ac6.mcu.externaltools.arm-none.win32_1.7.0.201602121829/tools/compiler/bin/../lib/gcc/arm-none-eabi/5.2.1/../../../../arm-none-eabi/lib/armv7-m\libc_nano.a(lib_a-impure.o)
                              c:/ac6/systemworkbench/plugins/fr.ac6.mcu.externaltools.arm-none.win32_1.7.0.201602121829/tools/compiler/bin/../lib/gcc/arm-none-eabi/5.2.1/../../../../arm-none-eabi/lib/armv7-m\libc_nano.a(lib_a-exit.o) (_global_impure_ptr)
c:/ac6/systemworkbench/plugins/fr.ac6.mcu.externaltools.arm-none.win32_1.7.0.201602121829/tools/compiler/bin/../lib/gcc/arm-none-eabi/5.2.1/../../../../arm-none-eabi/lib/armv7-m\libc_nano.a(lib_a-init.o)
                              c:/ac6/systemworkbench/plugins/fr.ac6.mcu.externaltools.arm-none.win32_1.7.0.201602121829/tools/compiler/bin/../lib/gcc/arm-none-eabi/5.2.1/../../../../arm-none-eabi/lib/armv7-m/crt0.o (__libc_init_array)
c:/ac6/systemworkbench/plugins/fr.ac6.mcu.externaltools.arm-none.win32_1.7.0.201602121829/tools/compiler/bin/../lib/gcc/arm-none-eabi/5.2.1/../../../../arm-none-eabi/lib/armv7-m\libc_nano.a(lib_a-memset.o)
                              c:/ac6/systemworkbench/plugins/fr.ac6.mcu.externaltools.arm-none.win32_1.7.0.201602121829/tools/compiler/bin/../lib/gcc/arm-none-eabi/5.2.1/../../../../arm-none-eabi/lib/armv7-m/crt0.o (memset)
c:/ac6/systemworkbench/plugins/fr.ac6.mcu.externaltools.arm-none.win32_1.7.0.201602121829/tools/compiler/bin/../lib/gcc/arm-none-eabi/5.2.1/../../../../arm-none-eabi/lib/armv7-m\libc_nano.a(lib_a-nano-vfprintf_float.o)
                              (_printf_float)
c:/ac6/systemworkbench/plugins/fr.ac6.mcu.externaltools.arm-none.win32_1.7.0.201602121829/tools/compiler/bin/../lib/gcc/arm-none-eabi/5.2.1/../../../../arm-none-eabi/lib/armv7-m\libc_nano.a(lib_a-nano-vfprintf_i.o)
                              c:/ac6/systemworkbench/plugins/fr.ac6.mcu.externaltools.arm-none.win32_1.7.0.201602121829/tools/compiler/bin/../lib/gcc/arm-none-eabi/5.2.1/../../../../arm-none-eabi/lib/armv7-m\libc_nano.a(lib_a-nano-vfprintf_float.o) (_printf_common)
c:/ac6/systemworkbench/plugins/fr.ac6.mcu.externaltools.arm-none.win32_1.7.0.201602121829/tools/compiler/bin/../lib/gcc/arm-none-eabi/5.2.1/../../../../arm-none-eabi/lib/armv7-m\libc_nano.a(lib_a-s_fpclassify.o)
                              c:/ac6/systemworkbench/plugins/fr.ac6.mcu.externaltools.arm-none.win32_1.7.0.201602121829/tools/compiler/bin/../lib/gcc/arm-none-eabi/5.2.1/../../../../arm-none-eabi/lib/armv7-m\libc_nano.a(lib_a-nano-vfprintf_float.o) (__fpclassifyd)
c:/ac6/systemworkbench/plugins/fr.ac6.mcu.externaltools.arm-none.win32_1.7.0.201602121829/tools/compiler/bin/../lib/gcc/arm-none-eabi/5.2.1/../../../../arm-none-eabi/lib/armv7-m\libc_nano.a(lib_a-sprintf.o)
                              Src/main.o (sprintf)
c:/ac6/systemworkbench/plugins/fr.ac6.mcu.externaltools.arm-none.win32_1.7.0.201602121829/tools/compiler/bin/../lib/gcc/arm-none-eabi/5.2.1/../../../../arm-none-eabi/lib/armv7-m\libc_nano.a(lib_a-strlen.o)
                              Drivers/SH1106/SH1106.o (strlen)
c:/ac6/systemworkbench/plugins/fr.ac6.mcu.externaltools.arm-none.win32_1.7.0.201602121829/tools/compiler/bin/../lib/gcc/arm-none-eabi/5.2.1/../../../../arm-none-eabi/lib/armv7-m\libc_nano.a(lib_a-dtoa.o)
[...]
Memory Configuration

Name             Origin             Length             Attributes
FLASH            0x08000000         0x00010000         xr
RAM              0x20000000         0x00005000         xrw
*default*        0x00000000         0xffffffff

Linker script and memory map

LOAD c:/ac6/systemworkbench/plugins/fr.ac6.mcu.externaltools.arm-none.win32_1.7.0.201602121829/tools/compiler/bin/../lib/gcc/arm-none-eabi/5.2.1/armv7-m/crti.o
LOAD c:/ac6/systemworkbench/plugins/fr.ac6.mcu.externaltools.arm-none.win32_1.7.0.201602121829/tools/compiler/bin/../lib/gcc/arm-none-eabi/5.2.1/armv7-m/crtbegin.o
LOAD c:/ac6/systemworkbench/plugins/fr.ac6.mcu.externaltools.arm-none.win32_1.7.0.201602121829/tools/compiler/bin/../lib/gcc/arm-none-eabi/5.2.1/../../../../arm-none-eabi/lib/armv7-m/crt0.o
LOAD c:/ac6/systemworkbench/plugins/fr.ac6.mcu.externaltools.arm-none.win32_1.7.0.201602121829/tools/compiler/bin/../lib/gcc/arm-none-eabi/5.2.1/../../../../arm-none-eabi/lib/armv7-m\libm.a
LOAD Drivers/CMSIS/Device/ST/STM32F1xx/Source/Templates/gcc/startup_stm32f103xb.o
LOAD Drivers/CMSIS/Device/ST/STM32F1xx/Source/Templates/system_stm32f1xx.o
LOAD Drivers/SH1106/SH1106.o
LOAD Drivers/STM32F1xx_HAL_Driver/Src/stm32f1xx_hal.o
LOAD Drivers/STM32F1xx_HAL_Driver/Src/stm32f1xx_hal_adc.o
LOAD Drivers/STM32F1xx_HAL_Driver/Src/stm32f1xx_hal_adc_ex.o
LOAD Drivers/STM32F1xx_HAL_Driver/Src/stm32f1xx_hal_cortex.o
LOAD Drivers/STM32F1xx_HAL_Driver/Src/stm32f1xx_hal_dma.o
LOAD Drivers/STM32F1xx_HAL_Driver/Src/stm32f1xx_hal_flash.o
LOAD Drivers/STM32F1xx_HAL_Driver/Src/stm32f1xx_hal_flash_ex.o
LOAD Drivers/STM32F1xx_HAL_Driver/Src/stm32f1xx_hal_gpio.o
LOAD Drivers/STM32F1xx_HAL_Driver/Src/stm32f1xx_hal_gpio_ex.o
LOAD Drivers/STM32F1xx_HAL_Driver/Src/stm32f1xx_hal_pcd.o
LOAD Drivers/STM32F1xx_HAL_Driver/Src/stm32f1xx_hal_pcd_ex.o
LOAD Drivers/STM32F1xx_HAL_Driver/Src/stm32f1xx_hal_pwr.o
LOAD Drivers/STM32F1xx_HAL_Driver/Src/stm32f1xx_hal_rcc.o
LOAD Drivers/STM32F1xx_HAL_Driver/Src/stm32f1xx_hal_rcc_ex.o
LOAD Drivers/STM32F1xx_HAL_Driver/Src/stm32f1xx_hal_rtc.o
LOAD Drivers/STM32F1xx_HAL_Driver/Src/stm32f1xx_hal_rtc_ex.o
LOAD Drivers/STM32F1xx_HAL_Driver/Src/stm32f1xx_hal_spi.o
LOAD Drivers/STM32F1xx_HAL_Driver/Src/stm32f1xx_hal_spi_ex.o
LOAD Drivers/STM32F1xx_HAL_Driver/Src/stm32f1xx_hal_tim.o
LOAD Drivers/STM32F1xx_HAL_Driver/Src/stm32f1xx_hal_tim_ex.o
LOAD Drivers/STM32F1xx_HAL_Driver/Src/stm32f1xx_ll_usb.o
LOAD Middlewares/ST/STM32_USB_Device_Library/Class/CDC/Src/usbd_cdc.o
LOAD Middlewares/ST/STM32_USB_Device_Library/Core/Src/usbd_core.o
LOAD Middlewares/ST/STM32_USB_Device_Library/Core/Src/usbd_ctlreq.o
LOAD Middlewares/ST/STM32_USB_Device_Library/Core/Src/usbd_ioreq.o
LOAD Src/adc.o
LOAD Src/dma.o
LOAD Src/gpio.o
LOAD Src/main.o
LOAD Src/rtc.o
LOAD Src/spi.o
LOAD Src/stm32f1xx_hal_msp.o
LOAD Src/stm32f1xx_it.o
LOAD Src/ui.o
LOAD Src/usb_device.o
LOAD Src/usbd_cdc_if.o
LOAD Src/usbd_conf.o
LOAD Src/usbd_desc.o
START GROUP
LOAD c:/ac6/systemworkbench/plugins/fr.ac6.mcu.externaltools.arm-none.win32_1.7.0.201602121829/tools/compiler/bin/../lib/gcc/arm-none-eabi/5.2.1/armv7-m\libgcc.a
LOAD c:/ac6/systemworkbench/plugins/fr.ac6.mcu.externaltools.arm-none.win32_1.7.0.201602121829/tools/compiler/bin/../lib/gcc/arm-none-eabi/5.2.1/../../../../arm-none-eabi/lib/armv7-m\libc_nano.a
END GROUP
START GROUP
LOAD c:/ac6/systemworkbench/plugins/fr.ac6.mcu.externaltools.arm-none.win32_1.7.0.201602121829/tools/compiler/bin/../lib/gcc/arm-none-eabi/5.2.1/armv7-m\libgcc.a
LOAD c:/ac6/systemworkbench/plugins/fr.ac6.mcu.externaltools.arm-none.win32_1.7.0.201602121829/tools/compiler/bin/../lib/gcc/arm-none-eabi/5.2.1/../../../../arm-none-eabi/lib/armv7-m\libc_nano.a
LOAD c:/ac6/systemworkbench/plugins/fr.ac6.mcu.externaltools.arm-none.win32_1.7.0.201602121829/tools/compiler/bin/../lib/gcc/arm-none-eabi/5.2.1/../../../../arm-none-eabi/lib/armv7-m\libnosys.a
END GROUP
START GROUP
LOAD c:/ac6/systemworkbench/plugins/fr.ac6.mcu.externaltools.arm-none.win32_1.7.0.201602121829/tools/compiler/bin/../lib/gcc/arm-none-eabi/5.2.1/armv7-m\libgcc.a
LOAD c:/ac6/systemworkbench/plugins/fr.ac6.mcu.externaltools.arm-none.win32_1.7.0.201602121829/tools/compiler/bin/../lib/gcc/arm-none-eabi/5.2.1/../../../../arm-none-eabi/lib/armv7-m\libc_nano.a
LOAD c:/ac6/systemworkbench/plugins/fr.ac6.mcu.externaltools.arm-none.win32_1.7.0.201602121829/tools/compiler/bin/../lib/gcc/arm-none-eabi/5.2.1/../../../../arm-none-eabi/lib/armv7-m\libnosys.a
END GROUP
LOAD c:/ac6/systemworkbench/plugins/fr.ac6.mcu.externaltools.arm-none.win32_1.7.0.201602121829/tools/compiler/bin/../lib/gcc/arm-none-eabi/5.2.1/armv7-m/crtend.o
LOAD c:/ac6/systemworkbench/plugins/fr.ac6.mcu.externaltools.arm-none.win32_1.7.0.201602121829/tools/compiler/bin/../lib/gcc/arm-none-eabi/5.2.1/armv7-m/crtn.o
                0x20005000                _estack = 0x20005000
                0x00000200                _Min_Heap_Size = 0x200
                0x00000400                _Min_Stack_Size = 0x400

.isr_vector     0x08000000      0x10c
                0x08000000                . = ALIGN (0x4)
 *(.isr_vector)
 .isr_vector    0x08000000      0x10c Drivers/CMSIS/Device/ST/STM32F1xx/Source/Templates/gcc/startup_stm32f103xb.o
                0x08000000                g_pfnVectors
                0x0800010c                . = ALIGN (0x4)

.text           0x08000110     0x7868
                0x08000110                . = ALIGN (0x4)
 *(.text)
 .text          0x08000110       0xa4 c:/ac6/systemworkbench/plugins/fr.ac6.mcu.externaltools.arm-none.win32_1.7.0.201602121829/tools/compiler/bin/../lib/gcc/arm-none-eabi/5.2.1/armv7-m/crtbegin.o
 .text          0x080001b4      0x370 c:/ac6/systemworkbench/plugins/fr.ac6.mcu.externaltools.arm-none.win32_1.7.0.201602121829/tools/compiler/bin/../lib/gcc/arm-none-eabi/5.2.1/armv7-m\libgcc.a(_arm_addsubdf3.o)
                0x080001b4                __aeabi_drsub
                0x080001bc                __aeabi_dsub
                0x080001bc                __subdf3
                0x080001c0                __aeabi_dadd
                0x080001c0                __adddf3
                0x08000438                __floatunsidf
                0x08000438                __aeabi_ui2d
                0x08000458                __floatsidf
                0x08000458                __aeabi_i2d
                0x0800047c                __aeabi_f2d
                0x0800047c                __extendsfdf2
                0x080004b8                __floatundidf
                0x080004b8                __aeabi_ul2d
                0x080004c8                __floatdidf
                0x080004c8                __aeabi_l2d
 .text          0x08000524      0x424 c:/ac6/systemworkbench/plugins/fr.ac6.mcu.externaltools.arm-none.win32_1.7.0.201602121829/tools/compiler/bin/../lib/gcc/arm-none-eabi/5.2.1/armv7-m\libgcc.a(_arm_muldivdf3.o)
                0x08000524                __aeabi_dmul
                0x08000524                __muldf3
                0x08000778                __divdf3
                0x08000778                __aeabi_ddiv
 .text          0x08000948       0xa0 c:/ac6/systemworkbench/plugins/fr.ac6.mcu.externaltools.arm-none.win32_1.7.0.201602121829/tools/compiler/bin/../lib/gcc/arm-none-eabi/5.2.1/armv7-m\libgcc.a(_arm_truncdfsf2.o)
                0x08000948                __truncdfsf2
                0x08000948                __aeabi_d2f
 .text          0x080009e8       0xec c:/ac6/systemworkbench/plugins/fr.ac6.mcu.externaltools.arm-none.win32_1.7.0.201602121829/tools/compiler/bin/../lib/gcc/arm-none-eabi/5.2.1/armv7-m\libgcc.a(_arm_cmpsf2.o)
                0x080009e8                __gesf2
                0x080009e8                __gtsf2
                0x080009f0                __lesf2
                0x080009f0                __ltsf2
                0x080009f8                __nesf2
                0x080009f8                __eqsf2
                0x080009f8                __cmpsf2
                0x08000a58                __aeabi_cfrcmple
                0x08000a60                __aeabi_cfcmpeq
                0x08000a60                __aeabi_cfcmple
                0x08000a70                __aeabi_fcmpeq
                0x08000a84                __aeabi_fcmplt
                0x08000a98                __aeabi_fcmple
                0x08000aac                __aeabi_fcmpge
                0x08000ac0                __aeabi_fcmpgt
 .text          0x08000ad4       0x10 c:/ac6/systemworkbench/plugins/fr.ac6.mcu.externaltools.arm-none.win32_1.7.0.201602121829/tools/compiler/bin/../lib/gcc/arm-none-eabi/5.2.1/../../../../arm-none-eabi/lib/armv7-m\libc_nano.a(lib_a-strlen.o)
                0x08000ad4                strlen
 .text          0x08000ae4      0x110 c:/ac6/systemworkbench/plugins/fr.ac6.mcu.externaltools.arm-none.win32_1.7.0.201602121829/tools/compiler/bin/../lib/gcc/arm-none-eabi/5.2.1/armv7-m\libgcc.a(_arm_cmpdf2.o)
                0x08000ae4                __gtdf2
                0x08000ae4                __gedf2
                0x08000aec                __ltdf2
                0x08000aec                __ledf2
                0x08000af4                __nedf2
                0x08000af4                __eqdf2
                0x08000af4                __cmpdf2
                0x08000b70                __aeabi_cdrcmple
                0x08000b80                __aeabi_cdcmpeq
                0x08000b80                __aeabi_cdcmple
                0x08000b90                __aeabi_dcmpeq
                0x08000ba4                __aeabi_dcmplt
                0x08000bb8                __aeabi_dcmple
                0x08000bcc                __aeabi_dcmpge
                0x08000be0                __aeabi_dcmpgt
 .text          0x08000bf4       0x50 c:/ac6/systemworkbench/plugins/fr.ac6.mcu.externaltools.arm-none.win32_1.7.0.201602121829/tools/compiler/bin/../lib/gcc/arm-none-eabi/5.2.1/armv7-m\libgcc.a(_arm_fixdfsi.o)
                0x08000bf4                __aeabi_d2iz
                0x08000bf4                __fixdfsi
 *(.text*)
 .text.Reset_Handler
                0x08000c44       0x48 Drivers/CMSIS/Device/ST/STM32F1xx/Source/Templates/gcc/startup_stm32f103xb.o
                0x08000c44                Reset_Handler
 .text.Default_Handler
                0x08000c8c        0x2 Drivers/CMSIS/Device/ST/STM32F1xx/Source/Templates/gcc/startup_stm32f103xb.o
                0x08000c8c                RTC_Alarm_IRQHandler
                0x08000c8c                EXTI2_IRQHandler
                0x08000c8c                TIM1_CC_IRQHandler
                0x08000c8c                PVD_IRQHandler
                0x08000c8c                EXTI3_IRQHandler
                0x08000c8c                EXTI0_IRQHandler
                0x08000c8c                I2C2_EV_IRQHandler
                0x08000c8c                TAMPER_IRQHandler
                0x08000c8c                USART3_IRQHandler
                0x08000c8c                DMA1_Channel7_IRQHandler
                0x08000c8c                CAN1_RX1_IRQHandler
                0x08000c8c                TIM4_IRQHandler
                0x08000c8c                I2C1_EV_IRQHandler
                0x08000c8c                DMA1_Channel6_IRQHandler
                0x08000c8c                TIM3_IRQHandler
                0x08000c8c                RCC_IRQHandler
                0x08000c8c                TIM1_TRG_COM_IRQHandler
                0x08000c8c                Default_Handler
                0x08000c8c                EXTI15_10_IRQHandler
                0x08000c8c                EXTI4_IRQHandler
                0x08000c8c                USB_HP_CAN1_TX_IRQHandler
                0x08000c8c                TIM1_UP_IRQHandler
                0x08000c8c                WWDG_IRQHandler
                0x08000c8c                TIM2_IRQHandler
                0x08000c8c                TIM1_BRK_IRQHandler
                0x08000c8c                EXTI1_IRQHandler
                0x08000c8c                USART2_IRQHandler
                0x08000c8c                I2C2_ER_IRQHandler
                0x08000c8c                DMA1_Channel2_IRQHandler
                0x08000c8c                CAN1_SCE_IRQHandler
                0x08000c8c                FLASH_IRQHandler
                0x08000c8c                USART1_IRQHandler
                0x08000c8c                I2C1_ER_IRQHandler
                0x08000c8c                USBWakeUp_IRQHandler
 *fill*         0x08000c8e        0x2 
 .text.SystemInit
                0x08000c90       0x4c Drivers/CMSIS/Device/ST/STM32F1xx/Source/Templates/system_stm32f1xx.o
                0x08000c90                SystemInit
 .text.SH1106_Clear
                0x08000cdc       0x10 Drivers/SH1106/SH1106.o
                0x08000cdc                SH1106_Clear
 .text.SH1106_DrawChar
                0x08000cec      0x13c Drivers/SH1106/SH1106.o
                0x08000cec                SH1106_DrawChar
 .text.SH1106_DrawString
                0x08000e28       0x3e Drivers/SH1106/SH1106.o
                0x08000e28                SH1106_DrawString
 .text.SH1106_DrawStringBold
                0x08000e66       0x50 Drivers/SH1106/SH1106.o
                0x08000e66                SH1106_DrawStringBold
 *fill*         0x08000eb6        0x2 
 .text.SH1106_WriteByte
                0x08000eb8       0x20 Drivers/SH1106/SH1106.o
                0x08000eb8                SH1106_WriteByte
 .text.SH1106_SetBrightness
                0x08000ed8       0x4c Drivers/SH1106/SH1106.o
                0x08000ed8                SH1106_SetBrightness
 .text.SH1106_Init
                0x08000f24       0xe4 Drivers/SH1106/SH1106.o
                0x08000f24                SH1106_Init
 .text.SH1106_GetFrameCount
                0x08001008       0x10 Drivers/SH1106/SH1106.o
                0x08001008                SH1106_GetFrameCount
 .text.SH1106_PaintScreen
                0x08001018       0x60 Drivers/SH1106/SH1106.o
                0x08001018                SH1106_PaintScreen
 .text.HAL_InitTick
                0x08001078       0x24 Drivers/STM32F1xx_HAL_Driver/Src/stm32f1xx_hal.o
                0x08001078                HAL_InitTick
 .text.HAL_Init
                0x0800109c       0x24 Drivers/STM32F1xx_HAL_Driver/Src/stm32f1xx_hal.o
                0x0800109c                HAL_Init
 .text.HAL_IncTick
                0x080010c0       0x10 Drivers/STM32F1xx_HAL_Driver/Src/stm32f1xx_hal.o
                0x080010c0                HAL_IncTick
 .text.HAL_GetTick
                0x080010d0        0xc Drivers/STM32F1xx_HAL_Driver/Src/stm32f1xx_hal.o
                0x080010d0                HAL_GetTick
 .text.HAL_Delay
                0x080010dc       0x1a Drivers/STM32F1xx_HAL_Driver/Src/stm32f1xx_hal.o
                0x080010dc                HAL_Delay
 .text.ADC_DMAConvCplt
                0x080010f6       0x4e Drivers/STM32F1xx_HAL_Driver/Src/stm32f1xx_hal_adc.o
                0x080010f6                ADC_DMAConvCplt
 .text.HAL_ADC_ConvHalfCpltCallback
                0x08001144        0x2 Drivers/STM32F1xx_HAL_Driver/Src/stm32f1xx_hal_adc.o
                0x08001144                HAL_ADC_ConvHalfCpltCallback
 .text.ADC_DMAHalfConvCplt
                0x08001146        0xa Drivers/STM32F1xx_HAL_Driver/Src/stm32f1xx_hal_adc.o
                0x08001146                ADC_DMAHalfConvCplt
 .text.HAL_ADC_LevelOutOfWindowCallback
                0x08001150        0x2 Drivers/STM32F1xx_HAL_Driver/Src/stm32f1xx_hal_adc.o
                0x08001150                HAL_ADC_LevelOutOfWindowCallback
 .text.HAL_ADC_IRQHandler
                0x08001152       0xec Drivers/STM32F1xx_HAL_Driver/Src/stm32f1xx_hal_adc.o
                0x08001152                HAL_ADC_IRQHandler
 .text.HAL_ADC_ErrorCallback
                0x0800123e        0x2 Drivers/STM32F1xx_HAL_Driver/Src/stm32f1xx_hal_adc.o
                0x0800123e                HAL_ADC_ErrorCallback
 .text.ADC_DMAError
                0x08001240       0x1a Drivers/STM32F1xx_HAL_Driver/Src/stm32f1xx_hal_adc.o
                0x08001240                ADC_DMAError
 *fill*         0x0800125a        0x2 
 .text.HAL_ADC_ConfigChannel
                0x0800125c      0x180 Drivers/STM32F1xx_HAL_Driver/Src/stm32f1xx_hal_adc.o
                0x0800125c                HAL_ADC_ConfigChannel
 .text.ADC_Enable
                0x080013dc       0x70 Drivers/STM32F1xx_HAL_Driver/Src/stm32f1xx_hal_adc.o
                0x080013dc                ADC_Enable
 .text.HAL_ADC_Start_DMA
                0x0800144c      0x120 Drivers/STM32F1xx_HAL_Driver/Src/stm32f1xx_hal_adc.o
                0x0800144c                HAL_ADC_Start_DMA
 .text.ADC_ConversionStop_Disable
                0x0800156c       0x44 Drivers/STM32F1xx_HAL_Driver/Src/stm32f1xx_hal_adc.o
                0x0800156c                ADC_ConversionStop_Disable
 .text.HAL_ADC_Init
                0x080015b0      0x128 Drivers/STM32F1xx_HAL_Driver/Src/stm32f1xx_hal_adc.o
                0x080015b0                HAL_ADC_Init
 .text.HAL_ADC_Stop
                0x080016d8       0x34 Drivers/STM32F1xx_HAL_Driver/Src/stm32f1xx_hal_adc.o
                0x080016d8                HAL_ADC_Stop
 .text.HAL_ADC_Stop_DMA
                0x0800170c       0x4c Drivers/STM32F1xx_HAL_Driver/Src/stm32f1xx_hal_adc.o
                0x0800170c                HAL_ADC_Stop_DMA
 .text.HAL_ADCEx_InjectedConvCpltCallback
                0x08001758        0x2 Drivers/STM32F1xx_HAL_Driver/Src/stm32f1xx_hal_adc_ex.o
                0x08001758                HAL_ADCEx_InjectedConvCpltCallback
 *fill*         0x0800175a        0x2 
 .text.HAL_NVIC_SetPriorityGrouping
                0x0800175c       0x24 Drivers/STM32F1xx_HAL_Driver/Src/stm32f1xx_hal_cortex.o
                0x0800175c                HAL_NVIC_SetPriorityGrouping
 .text.HAL_NVIC_SetPriority
                0x08001780       0x68 Drivers/STM32F1xx_HAL_Driver/Src/stm32f1xx_hal_cortex.o
                0x08001780                HAL_NVIC_SetPriority
 .text.HAL_NVIC_EnableIRQ
                0x080017e8       0x18 Drivers/STM32F1xx_HAL_Driver/Src/stm32f1xx_hal_cortex.o
                0x080017e8                HAL_NVIC_EnableIRQ
 .text.HAL_SYSTICK_Config
                0x08001800       0x2c Drivers/STM32F1xx_HAL_Driver/Src/stm32f1xx_hal_cortex.o
                0x08001800                HAL_SYSTICK_Config
 .text.HAL_SYSTICK_CLKSourceConfig
                0x0800182c       0x18 Drivers/STM32F1xx_HAL_Driver/Src/stm32f1xx_hal_cortex.o
                0x0800182c                HAL_SYSTICK_CLKSourceConfig
 .text.HAL_SYSTICK_IRQHandler
                0x08001844        0x8 Drivers/STM32F1xx_HAL_Driver/Src/stm32f1xx_hal_cortex.o
                0x08001844                HAL_SYSTICK_IRQHandler
 .text.HAL_DMA_Init
                0x0800184c       0x4a Drivers/STM32F1xx_HAL_Driver/Src/stm32f1xx_hal_dma.o
                0x0800184c                HAL_DMA_Init
 .text.HAL_DMA_Start_IT
                0x08001896       0x5a Drivers/STM32F1xx_HAL_Driver/Src/stm32f1xx_hal_dma.o
                0x08001896                HAL_DMA_Start_IT
 .text.HAL_DMA_Abort
                0x080018f0       0x4c Drivers/STM32F1xx_HAL_Driver/Src/stm32f1xx_hal_dma.o
                0x080018f0                HAL_DMA_Abort
 .text.HAL_DMA_IRQHandler
                0x0800193c      0x254 Drivers/STM32F1xx_HAL_Driver/Src/stm32f1xx_hal_dma.o
                0x0800193c                HAL_DMA_IRQHandler
 .text.HAL_GPIO_Init
                0x08001b90      0x1b0 Drivers/STM32F1xx_HAL_Driver/Src/stm32f1xx_hal_gpio.o
                0x08001b90                HAL_GPIO_Init
 .text.HAL_GPIO_ReadPin
                0x08001d40        0xc Drivers/STM32F1xx_HAL_Driver/Src/stm32f1xx_hal_gpio.o
                0x08001d40                HAL_GPIO_ReadPin
 .text.HAL_GPIO_WritePin
                0x08001d4c        0x8 Drivers/STM32F1xx_HAL_Driver/Src/stm32f1xx_hal_gpio.o
                0x08001d4c                HAL_GPIO_WritePin
 .text.HAL_GPIO_EXTI_Callback
                0x08001d54        0x2 Drivers/STM32F1xx_HAL_Driver/Src/stm32f1xx_hal_gpio.o
                0x08001d54                HAL_GPIO_EXTI_Callback
 *fill*         0x08001d56        0x2 
 .text.HAL_GPIO_EXTI_IRQHandler
                0x08001d58       0x18 Drivers/STM32F1xx_HAL_Driver/Src/stm32f1xx_hal_gpio.o
                0x08001d58                HAL_GPIO_EXTI_IRQHandler
 .text.HAL_PCD_Init
                0x08001d70       0xd4 Drivers/STM32F1xx_HAL_Driver/Src/stm32f1xx_hal_pcd.o
                0x08001d70                HAL_PCD_Init
 .text.HAL_PCD_Start
                0x08001e44       0x2e Drivers/STM32F1xx_HAL_Driver/Src/stm32f1xx_hal_pcd.o
                0x08001e44                HAL_PCD_Start
 .text.HAL_PCD_SetAddress
                0x08001e72       0x28 Drivers/STM32F1xx_HAL_Driver/Src/stm32f1xx_hal_pcd.o
                0x08001e72                HAL_PCD_SetAddress
 .text.HAL_PCD_EP_Open
                0x08001e9a       0x48 Drivers/STM32F1xx_HAL_Driver/Src/stm32f1xx_hal_pcd.o
                0x08001e9a                HAL_PCD_EP_Open
 .text.HAL_PCD_EP_Close
                0x08001ee2       0x44 Drivers/STM32F1xx_HAL_Driver/Src/stm32f1xx_hal_pcd.o
                0x08001ee2                HAL_PCD_EP_Close
 .text.HAL_PCD_EP_Receive
                0x08001f26       0x48 Drivers/STM32F1xx_HAL_Driver/Src/stm32f1xx_hal_pcd.o
                0x08001f26                HAL_PCD_EP_Receive
 .text.HAL_PCD_EP_GetRxCount
                0x08001f6e        0xe Drivers/STM32F1xx_HAL_Driver/Src/stm32f1xx_hal_pcd.o
                0x08001f6e                HAL_PCD_EP_GetRxCount
 .text.HAL_PCD_EP_Transmit
                0x08001f7c       0x40 Drivers/STM32F1xx_HAL_Driver/Src/stm32f1xx_hal_pcd.o
                0x08001f7c                HAL_PCD_EP_Transmit
 .text.HAL_PCD_IRQHandler
                0x08001fbc      0x4d0 Drivers/STM32F1xx_HAL_Driver/Src/stm32f1xx_hal_pcd.o
                0x08001fbc                HAL_PCD_IRQHandler
 .text.HAL_PCD_EP_SetStall
                0x0800248c       0x54 Drivers/STM32F1xx_HAL_Driver/Src/stm32f1xx_hal_pcd.o
                0x0800248c                HAL_PCD_EP_SetStall
 .text.HAL_PCD_EP_ClrStall
                0x080024e0       0x48 Drivers/STM32F1xx_HAL_Driver/Src/stm32f1xx_hal_pcd.o
                0x080024e0                HAL_PCD_EP_ClrStall
 .text.HAL_PCDEx_PMAConfig
                0x08002528       0x30 Drivers/STM32F1xx_HAL_Driver/Src/stm32f1xx_hal_pcd_ex.o
                0x08002528                HAL_PCDEx_PMAConfig
 .text.HAL_PWR_EnableBkUpAccess
                0x08002558       0x1c Drivers/STM32F1xx_HAL_Driver/Src/stm32f1xx_hal_pwr.o
                0x08002558                HAL_PWR_EnableBkUpAccess
 .text.HAL_PWR_EnableWakeUpPin
                0x08002574       0x18 Drivers/STM32F1xx_HAL_Driver/Src/stm32f1xx_hal_pwr.o
                0x08002574                HAL_PWR_EnableWakeUpPin
 .text.HAL_PWR_DisableWakeUpPin
                0x0800258c       0x18 Drivers/STM32F1xx_HAL_Driver/Src/stm32f1xx_hal_pwr.o
                0x0800258c                HAL_PWR_DisableWakeUpPin
 .text.HAL_PWR_EnterSTANDBYMode
                0x080025a4       0x20 Drivers/STM32F1xx_HAL_Driver/Src/stm32f1xx_hal_pwr.o
                0x080025a4                HAL_PWR_EnterSTANDBYMode
 .text.HAL_RCC_OscConfig
                0x080025c4      0x4c0 Drivers/STM32F1xx_HAL_Driver/Src/stm32f1xx_hal_rcc.o
                0x080025c4                HAL_RCC_OscConfig
 .text.HAL_RCC_GetSysClockFreq
                0x08002a84       0x90 Drivers/STM32F1xx_HAL_Driver/Src/stm32f1xx_hal_rcc.o
                0x08002a84                HAL_RCC_GetSysClockFreq
 .text.HAL_RCC_ClockConfig
                0x08002b14      0x164 Drivers/STM32F1xx_HAL_Driver/Src/stm32f1xx_hal_rcc.o
                0x08002b14                HAL_RCC_ClockConfig
 .text.HAL_RCC_GetHCLKFreq
                0x08002c78        0xc Drivers/STM32F1xx_HAL_Driver/Src/stm32f1xx_hal_rcc.o
                0x08002c78                HAL_RCC_GetHCLKFreq
 .text.HAL_RCC_GetPCLK2Freq
                0x08002c84       0x30 Drivers/STM32F1xx_HAL_Driver/Src/stm32f1xx_hal_rcc.o
                0x08002c84                HAL_RCC_GetPCLK2Freq
 .text.HAL_RCCEx_PeriphCLKConfig
                0x08002cb4      0x114 Drivers/STM32F1xx_HAL_Driver/Src/stm32f1xx_hal_rcc_ex.o
                0x08002cb4                HAL_RCCEx_PeriphCLKConfig
 .text.HAL_RCCEx_GetPeriphCLKFreq
                0x08002dc8      0x110 Drivers/STM32F1xx_HAL_Driver/Src/stm32f1xx_hal_rcc_ex.o
                0x08002dc8                HAL_RCCEx_GetPeriphCLKFreq
 .text.RTC_ReadTimeCounter
                0x08002ed8       0x24 Drivers/STM32F1xx_HAL_Driver/Src/stm32f1xx_hal_rtc.o
 .text.RTC_ReadAlarmCounter
                0x08002efc        0xe Drivers/STM32F1xx_HAL_Driver/Src/stm32f1xx_hal_rtc.o
 .text.RTC_Bcd2ToByte
                0x08002f0a       0x10 Drivers/STM32F1xx_HAL_Driver/Src/stm32f1xx_hal_rtc.o
 .text.RTC_WeekDayNum
                0x08002f1a       0x7c Drivers/STM32F1xx_HAL_Driver/Src/stm32f1xx_hal_rtc.o
 .text.RTC_EnterInitMode
                0x08002f96       0x2e Drivers/STM32F1xx_HAL_Driver/Src/stm32f1xx_hal_rtc.o
 .text.RTC_ExitInitMode
                0x08002fc4       0x30 Drivers/STM32F1xx_HAL_Driver/Src/stm32f1xx_hal_rtc.o
 .text.RTC_WriteTimeCounter
                0x08002ff4       0x28 Drivers/STM32F1xx_HAL_Driver/Src/stm32f1xx_hal_rtc.o
 .text.RTC_WriteAlarmCounter
                0x0800301c       0x28 Drivers/STM32F1xx_HAL_Driver/Src/stm32f1xx_hal_rtc.o
 .text.HAL_RTC_SetTime
                0x08003044       0xa8 Drivers/STM32F1xx_HAL_Driver/Src/stm32f1xx_hal_rtc.o
                0x08003044                HAL_RTC_SetTime
 .text.HAL_RTC_SetDate
                0x080030ec       0xb8 Drivers/STM32F1xx_HAL_Driver/Src/stm32f1xx_hal_rtc.o
                0x080030ec                HAL_RTC_SetDate
 .text.HAL_RTC_WaitForSynchro
                0x080031a4       0x36 Drivers/STM32F1xx_HAL_Driver/Src/stm32f1xx_hal_rtc.o
                0x080031a4                HAL_RTC_WaitForSynchro
 *fill*         0x080031da        0x2 
 .text.HAL_RTC_Init
                0x080031dc       0xa0 Drivers/STM32F1xx_HAL_Driver/Src/stm32f1xx_hal_rtc.o
                0x080031dc                HAL_RTC_Init
 .text.HAL_RTCEx_RTCEventCallback
                0x0800327c        0x2 Drivers/STM32F1xx_HAL_Driver/Src/stm32f1xx_hal_rtc_ex.o
                0x0800327c                HAL_RTCEx_RTCEventCallback
 .text.HAL_RTCEx_RTCEventErrorCallback
                0x0800327e        0x2 Drivers/STM32F1xx_HAL_Driver/Src/stm32f1xx_hal_rtc_ex.o
                0x0800327e                HAL_RTCEx_RTCEventErrorCallback
 .text.HAL_RTCEx_RTCIRQHandler
                0x08003280       0x3a Drivers/STM32F1xx_HAL_Driver/Src/stm32f1xx_hal_rtc_ex.o
                0x08003280                HAL_RTCEx_RTCIRQHandler
 .text.SPI_WaitOnFlagUntilTimeout
                0x080032ba       0x92 Drivers/STM32F1xx_HAL_Driver/Src/stm32f1xx_hal_spi.o
 .text.HAL_SPI_Transmit
                0x0800334c      0x15e Drivers/STM32F1xx_HAL_Driver/Src/stm32f1xx_hal_spi.o
                0x0800334c                HAL_SPI_Transmit
 *fill*         0x080034aa        0x2 
 .text.HAL_SPI_Transmit_DMA
                0x080034ac       0xb8 Drivers/STM32F1xx_HAL_Driver/Src/stm32f1xx_hal_spi.o
                0x080034ac                HAL_SPI_Transmit_DMA
 .text.HAL_SPI_TxCpltCallback
                0x08003564        0x2 Drivers/STM32F1xx_HAL_Driver/Src/stm32f1xx_hal_spi.o
                0x08003564                HAL_SPI_TxCpltCallback
 .text.HAL_SPI_TxHalfCpltCallback
                0x08003566        0x2 Drivers/STM32F1xx_HAL_Driver/Src/stm32f1xx_hal_spi.o
                0x08003566                HAL_SPI_TxHalfCpltCallback
 .text.SPI_DMAHalfTransmitCplt
                0x08003568        0xa Drivers/STM32F1xx_HAL_Driver/Src/stm32f1xx_hal_spi.o
 .text.HAL_SPI_ErrorCallback
                0x08003572        0x2 Drivers/STM32F1xx_HAL_Driver/Src/stm32f1xx_hal_spi.o
                0x08003572                HAL_SPI_ErrorCallback
 .text.SPI_DMAError
                0x08003574       0x1e Drivers/STM32F1xx_HAL_Driver/Src/stm32f1xx_hal_spi.o
 .text.SPI_DMATransmitCplt
                0x08003592       0x70 Drivers/STM32F1xx_HAL_Driver/Src/stm32f1xx_hal_spi.o
 .text.HAL_SPI_IRQHandler
                0x08003602       0xa6 Drivers/STM32F1xx_HAL_Driver/Src/stm32f1xx_hal_spi.o
                0x08003602                HAL_SPI_IRQHandler
 .text.HAL_SPI_Init
                0x080036a8       0x7c Drivers/STM32F1xx_HAL_Driver/Src/stm32f1xx_hal_spi_ex.o
                0x080036a8                HAL_SPI_Init
 .text.USB_CoreInit
                0x08003724        0xe Drivers/STM32F1xx_HAL_Driver/Src/stm32f1xx_ll_usb.o
                0x08003724                USB_CoreInit
 .text.USB_EnableGlobalInt
                0x08003732       0x12 Drivers/STM32F1xx_HAL_Driver/Src/stm32f1xx_ll_usb.o
                0x08003732                USB_EnableGlobalInt
 .text.USB_DisableGlobalInt
                0x08003744       0x14 Drivers/STM32F1xx_HAL_Driver/Src/stm32f1xx_ll_usb.o
                0x08003744                USB_DisableGlobalInt
 .text.USB_SetCurrentMode
                0x08003758        0x4 Drivers/STM32F1xx_HAL_Driver/Src/stm32f1xx_ll_usb.o
                0x08003758                USB_SetCurrentMode
 .text.USB_DevInit
                0x0800375c       0x28 Drivers/STM32F1xx_HAL_Driver/Src/stm32f1xx_ll_usb.o
                0x0800375c                USB_DevInit
 .text.USB_ActivateEndpoint
                0x08003784      0x2e4 Drivers/STM32F1xx_HAL_Driver/Src/stm32f1xx_ll_usb.o
                0x08003784                USB_ActivateEndpoint
 .text.USB_DeactivateEndpoint
                0x08003a68      0x170 Drivers/STM32F1xx_HAL_Driver/Src/stm32f1xx_ll_usb.o
                0x08003a68                USB_DeactivateEndpoint
 .text.USB_EPSetStall
                0x08003bd8       0x62 Drivers/STM32F1xx_HAL_Driver/Src/stm32f1xx_ll_usb.o
                0x08003bd8                USB_EPSetStall
 .text.USB_EPClearStall
                0x08003c3a       0x84 Drivers/STM32F1xx_HAL_Driver/Src/stm32f1xx_ll_usb.o
                0x08003c3a                USB_EPClearStall
 .text.USB_SetDevAddress
                0x08003cbe        0xc Drivers/STM32F1xx_HAL_Driver/Src/stm32f1xx_ll_usb.o
                0x08003cbe                USB_SetDevAddress
 .text.USB_DevConnect
                0x08003cca        0x4 Drivers/STM32F1xx_HAL_Driver/Src/stm32f1xx_ll_usb.o
                0x08003cca                USB_DevConnect
 .text.USB_DevDisconnect
                0x08003cce        0x4 Drivers/STM32F1xx_HAL_Driver/Src/stm32f1xx_ll_usb.o
                0x08003cce                USB_DevDisconnect
 .text.USB_ReadInterrupts
                0x08003cd2        0x8 Drivers/STM32F1xx_HAL_Driver/Src/stm32f1xx_ll_usb.o
                0x08003cd2                USB_ReadInterrupts
 .text.USB_EP0_OutStart
                0x08003cda        0x4 Drivers/STM32F1xx_HAL_Driver/Src/stm32f1xx_ll_usb.o
                0x08003cda                USB_EP0_OutStart
 .text.USB_WritePMA
                0x08003cde       0x22 Drivers/STM32F1xx_HAL_Driver/Src/stm32f1xx_ll_usb.o
                0x08003cde                USB_WritePMA
 .text.USB_EPStartXfer
                0x08003d00      0x1a0 Drivers/STM32F1xx_HAL_Driver/Src/stm32f1xx_ll_usb.o
                0x08003d00                USB_EPStartXfer
 .text.USB_ReadPMA
                0x08003ea0       0x22 Drivers/STM32F1xx_HAL_Driver/Src/stm32f1xx_ll_usb.o
                0x08003ea0                USB_ReadPMA
 .text.USBD_CDC_DataIn
                0x08003ec2       0x12 Middlewares/ST/STM32_USB_Device_Library/Class/CDC/Src/usbd_cdc.o
 .text.USBD_CDC_EP0_RxReady
                0x08003ed4       0x28 Middlewares/ST/STM32_USB_Device_Library/Class/CDC/Src/usbd_cdc.o
 .text.USBD_CDC_GetFSCfgDesc
                0x08003efc        0xc Middlewares/ST/STM32_USB_Device_Library/Class/CDC/Src/usbd_cdc.o
 .text.USBD_CDC_GetHSCfgDesc
                0x08003f08        0xc Middlewares/ST/STM32_USB_Device_Library/Class/CDC/Src/usbd_cdc.o
 .text.USBD_CDC_GetOtherSpeedCfgDesc
                0x08003f14        0xc Middlewares/ST/STM32_USB_Device_Library/Class/CDC/Src/usbd_cdc.o
 .text.USBD_CDC_GetDeviceQualifierDescriptor
                0x08003f20        0xc Middlewares/ST/STM32_USB_Device_Library/Class/CDC/Src/usbd_cdc.o
                0x08003f20                USBD_CDC_GetDeviceQualifierDescriptor
 .text.USBD_CDC_DataOut
                0x08003f2c       0x2e Middlewares/ST/STM32_USB_Device_Library/Class/CDC/Src/usbd_cdc.o
 *fill*         0x08003f5a        0x2 
 .text.USBD_CDC_Setup
                0x08003f5c       0x6c Middlewares/ST/STM32_USB_Device_Library/Class/CDC/Src/usbd_cdc.o
 .text.USBD_CDC_DeInit
                0x08003fc8       0x3a Middlewares/ST/STM32_USB_Device_Library/Class/CDC/Src/usbd_cdc.o
 .text.USBD_CDC_Init
                0x08004002       0x8c Middlewares/ST/STM32_USB_Device_Library/Class/CDC/Src/usbd_cdc.o
 .text.USBD_CDC_RegisterInterface
                0x0800408e        0xe Middlewares/ST/STM32_USB_Device_Library/Class/CDC/Src/usbd_cdc.o
                0x0800408e                USBD_CDC_RegisterInterface
 .text.USBD_CDC_SetTxBuffer
                0x0800409c       0x10 Middlewares/ST/STM32_USB_Device_Library/Class/CDC/Src/usbd_cdc.o
                0x0800409c                USBD_CDC_SetTxBuffer
 .text.USBD_CDC_SetRxBuffer
                0x080040ac        0xc Middlewares/ST/STM32_USB_Device_Library/Class/CDC/Src/usbd_cdc.o
                0x080040ac                USBD_CDC_SetRxBuffer
 .text.USBD_CDC_ReceivePacket
                0x080040b8       0x26 Middlewares/ST/STM32_USB_Device_Library/Class/CDC/Src/usbd_cdc.o
                0x080040b8                USBD_CDC_ReceivePacket
 .text.USBD_Init
                0x080040de       0x2a Middlewares/ST/STM32_USB_Device_Library/Core/Src/usbd_core.o
                0x080040de                USBD_Init
 .text.USBD_RegisterClass
                0x08004108        0xe Middlewares/ST/STM32_USB_Device_Library/Core/Src/usbd_core.o
                0x08004108                USBD_RegisterClass
 .text.USBD_Start
                0x08004116        0xa Middlewares/ST/STM32_USB_Device_Library/Core/Src/usbd_core.o
                0x08004116                USBD_Start
 .text.USBD_SetClassConfig
                0x08004120       0x16 Middlewares/ST/STM32_USB_Device_Library/Core/Src/usbd_core.o
                0x08004120                USBD_SetClassConfig
 .text.USBD_ClrClassConfig
                0x08004136        0xe Middlewares/ST/STM32_USB_Device_Library/Core/Src/usbd_core.o
                0x08004136                USBD_ClrClassConfig
 .text.USBD_LL_SetupStage
                0x08004144       0x5a Middlewares/ST/STM32_USB_Device_Library/Core/Src/usbd_core.o
                0x08004144                USBD_LL_SetupStage
 .text.USBD_LL_DataOutStage
                0x0800419e       0x62 Middlewares/ST/STM32_USB_Device_Library/Core/Src/usbd_core.o
                0x0800419e                USBD_LL_DataOutStage
 .text.USBD_LL_DataInStage
                0x08004200       0x9c Middlewares/ST/STM32_USB_Device_Library/Core/Src/usbd_core.o
                0x08004200                USBD_LL_DataInStage
 .text.USBD_LL_Reset
                0x0800429c       0x3e Middlewares/ST/STM32_USB_Device_Library/Core/Src/usbd_core.o
                0x0800429c                USBD_LL_Reset
 .text.USBD_LL_SetSpeed
                0x080042da        0x6 Middlewares/ST/STM32_USB_Device_Library/Core/Src/usbd_core.o
                0x080042da                USBD_LL_SetSpeed
 .text.USBD_LL_Suspend
                0x080042e0       0x12 Middlewares/ST/STM32_USB_Device_Library/Core/Src/usbd_core.o
                0x080042e0                USBD_LL_Suspend
 .text.USBD_LL_Resume
                0x080042f2        0xc Middlewares/ST/STM32_USB_Device_Library/Core/Src/usbd_core.o
                0x080042f2                USBD_LL_Resume
 .text.USBD_LL_SOF
                0x080042fe       0x18 Middlewares/ST/STM32_USB_Device_Library/Core/Src/usbd_core.o
                0x080042fe                USBD_LL_SOF
 .text.USBD_ParseSetupRequest
                0x08004316       0x28 Middlewares/ST/STM32_USB_Device_Library/Core/Src/usbd_ctlreq.o
                0x08004316                USBD_ParseSetupRequest
 .text.USBD_CtlError
                0x0800433e       0x16 Middlewares/ST/STM32_USB_Device_Library/Core/Src/usbd_ctlreq.o
                0x0800433e                USBD_CtlError
 .text.USBD_StdDevReq
                0x08004354      0x214 Middlewares/ST/STM32_USB_Device_Library/Core/Src/usbd_ctlreq.o
                0x08004354                USBD_StdDevReq
 .text.USBD_StdItfReq
                0x08004568       0x30 Middlewares/ST/STM32_USB_Device_Library/Core/Src/usbd_ctlreq.o
                0x08004568                USBD_StdItfReq
 .text.USBD_StdEPReq
                0x08004598       0xc6 Middlewares/ST/STM32_USB_Device_Library/Core/Src/usbd_ctlreq.o
                0x08004598                USBD_StdEPReq
 .text.USBD_GetString
                0x0800465e       0x38 Middlewares/ST/STM32_USB_Device_Library/Core/Src/usbd_ctlreq.o
                0x0800465e                USBD_GetString
 .text.USBD_CtlSendData
                0x08004696       0x1a Middlewares/ST/STM32_USB_Device_Library/Core/Src/usbd_ioreq.o
                0x08004696                USBD_CtlSendData
 .text.USBD_CtlContinueSendData
                0x080046b0       0x10 Middlewares/ST/STM32_USB_Device_Library/Core/Src/usbd_ioreq.o
                0x080046b0                USBD_CtlContinueSendData
 .text.USBD_CtlPrepareRx
                0x080046c0       0x1e Middlewares/ST/STM32_USB_Device_Library/Core/Src/usbd_ioreq.o
                0x080046c0                USBD_CtlPrepareRx
 .text.USBD_CtlContinueRx
                0x080046de       0x10 Middlewares/ST/STM32_USB_Device_Library/Core/Src/usbd_ioreq.o
                0x080046de                USBD_CtlContinueRx
 .text.USBD_CtlSendStatus
                0x080046ee       0x16 Middlewares/ST/STM32_USB_Device_Library/Core/Src/usbd_ioreq.o
                0x080046ee                USBD_CtlSendStatus
 .text.USBD_CtlReceiveStatus
                0x08004704       0x16 Middlewares/ST/STM32_USB_Device_Library/Core/Src/usbd_ioreq.o
                0x08004704                USBD_CtlReceiveStatus
 *fill*         0x0800471a        0x2 
 .text.MX_ADC1_Init
                0x0800471c       0x64 Src/adc.o
                0x0800471c                MX_ADC1_Init
 .text.HAL_ADC_MspInit
                0x08004780       0x88 Src/adc.o
                0x08004780                HAL_ADC_MspInit
 .text.MX_DMA_Init
                0x08004808       0x60 Src/dma.o
                0x08004808                MX_DMA_Init
 .text.MX_GPIO_Init
                0x08004868      0x160 Src/gpio.o
                0x08004868                MX_GPIO_Init
 .text.Test_Input
                0x080049c8       0x6c Src/main.o
                0x080049c8                Test_Input
 .text.EnterDeepSleep
                0x08004a34       0x7c Src/main.o
                0x08004a34                EnterDeepSleep
 .text.LT_ShowVoltages
                0x08004ab0       0x14 Src/main.o
                0x08004ab0                LT_ShowVoltages
 .text.SystemClock_Config
                0x08004ac4       0x8c Src/main.o
                0x08004ac4                SystemClock_Config
 .text.startup.main
                0x08004b50      0x2b0 Src/main.o
                0x08004b50                main
 .text.HAL_ADC_ConvCpltCallback
                0x08004e00       0x88 Src/main.o
                0x08004e00                HAL_ADC_ConvCpltCallback
 .text.HAL_SYSTICK_Callback
                0x08004e88       0xcc Src/main.o
                0x08004e88                HAL_SYSTICK_Callback
 .text.Error_Handler
                0x08004f54        0x2 Src/main.o
                0x08004f54                Error_Handler
 *fill*         0x08004f56        0x2 
 .text.MX_RTC_Init
                0x08004f58       0x68 Src/rtc.o
                0x08004f58                MX_RTC_Init
 .text.HAL_RTC_MspInit
                0x08004fc0       0x58 Src/rtc.o
                0x08004fc0                HAL_RTC_MspInit
 .text.MX_SPI1_Init
                0x08005018       0x48 Src/spi.o
                0x08005018                MX_SPI1_Init
 .text.HAL_SPI_MspInit
                0x08005060      0x148 Src/spi.o
                0x08005060                HAL_SPI_MspInit
 .text.HAL_MspInit
                0x080051a8       0x8c Src/stm32f1xx_hal_msp.o
                0x080051a8                HAL_MspInit
 .text.NMI_Handler
                0x08005234        0x2 Src/stm32f1xx_it.o
                0x08005234                NMI_Handler
 .text.HardFault_Handler
                0x08005236        0x2 Src/stm32f1xx_it.o
                0x08005236                HardFault_Handler
 .text.MemManage_Handler
                0x08005238        0x2 Src/stm32f1xx_it.o
                0x08005238                MemManage_Handler
 .text.BusFault_Handler
                0x0800523a        0x2 Src/stm32f1xx_it.o
                0x0800523a                BusFault_Handler
 .text.UsageFault_Handler
                0x0800523c        0x2 Src/stm32f1xx_it.o
                0x0800523c                UsageFault_Handler
 .text.SVC_Handler
                0x0800523e        0x2 Src/stm32f1xx_it.o
                0x0800523e                SVC_Handler
 .text.DebugMon_Handler
                0x08005240        0x2 Src/stm32f1xx_it.o
                0x08005240                DebugMon_Handler
 .text.PendSV_Handler
                0x08005242        0x2 Src/stm32f1xx_it.o
                0x08005242                PendSV_Handler
 .text.SysTick_Handler
                0x08005244        0xe Src/stm32f1xx_it.o
                0x08005244                SysTick_Handler
 *fill*         0x08005252        0x2 
 .text.RTC_IRQHandler
                0x08005254        0xc Src/stm32f1xx_it.o
                0x08005254                RTC_IRQHandler
 .text.DMA1_Channel1_IRQHandler
                0x08005260        0xc Src/stm32f1xx_it.o
                0x08005260                DMA1_Channel1_IRQHandler
 .text.DMA1_Channel3_IRQHandler
                0x0800526c       0x6c Src/stm32f1xx_it.o
                0x0800526c                DMA1_Channel3_IRQHandler
 .text.DMA1_Channel4_IRQHandler
                0x080052d8        0xc Src/stm32f1xx_it.o
                0x080052d8                DMA1_Channel4_IRQHandler
 .text.DMA1_Channel5_IRQHandler
                0x080052e4        0xc Src/stm32f1xx_it.o
                0x080052e4                DMA1_Channel5_IRQHandler
 .text.ADC1_2_IRQHandler
                0x080052f0        0xc Src/stm32f1xx_it.o
                0x080052f0                ADC1_2_IRQHandler
 .text.USB_LP_CAN1_RX0_IRQHandler
                0x080052fc        0xc Src/stm32f1xx_it.o
                0x080052fc                USB_LP_CAN1_RX0_IRQHandler
 .text.EXTI9_5_IRQHandler
                0x08005308        0x8 Src/stm32f1xx_it.o
                0x08005308                EXTI9_5_IRQHandler
 .text.SPI1_IRQHandler
                0x08005310        0xc Src/stm32f1xx_it.o
                0x08005310                SPI1_IRQHandler
 .text.SPI2_IRQHandler
                0x0800531c        0xc Src/stm32f1xx_it.o
                0x0800531c                SPI2_IRQHandler
 .text.UI_XAlign
                0x08005328       0x2c Src/ui.o
                0x08005328                UI_XAlign
 .text.UI_YAlign
                0x08005354       0x2a Src/ui.o
                0x08005354                UI_YAlign
 *fill*         0x0800537e        0x2 
 .text.UI_DrawText.part.0
                0x08005380       0x44 Src/ui.o
 .text.UI_DrawText
                0x080053c4       0x4c Src/ui.o
                0x080053c4                UI_DrawText
 .text.UI_DrawScreen
                0x08005410       0x2c Src/ui.o
                0x08005410                UI_DrawScreen
 .text.UI_DrawMenu
                0x0800543c       0xd8 Src/ui.o
                0x0800543c                UI_DrawMenu
 .text.UI_ScrollMenu
                0x08005514       0x58 Src/ui.o
                0x08005514                UI_ScrollMenu
 .text.UI_SelectMenu
                0x0800556c       0x20 Src/ui.o
                0x0800556c                UI_SelectMenu
 .text.LT_ShowStartScreen
                0x0800558c       0x14 Src/ui.o
                0x0800558c                LT_ShowStartScreen
 .text.MX_USB_DEVICE_Init
                0x080055a0       0x38 Src/usb_device.o
                0x080055a0                MX_USB_DEVICE_Init
 .text.CDC_DeInit_FS
                0x080055d8        0x4 Src/usbd_cdc_if.o
 .text.CDC_Control_FS
                0x080055dc        0x4 Src/usbd_cdc_if.o
 .text.CDC_Receive_FS
                0x080055e0       0x1c Src/usbd_cdc_if.o
 .text.CDC_Init_FS
                0x080055fc       0x28 Src/usbd_cdc_if.o
 .text.HAL_PCD_MspInit
                0x08005624       0x3c Src/usbd_conf.o
                0x08005624                HAL_PCD_MspInit
 .text.HAL_PCD_SetupStageCallback
                0x08005660        0xc Src/usbd_conf.o
                0x08005660                HAL_PCD_SetupStageCallback
 .text.HAL_PCD_DataOutStageCallback
                0x0800566c       0x10 Src/usbd_conf.o
                0x0800566c                HAL_PCD_DataOutStageCallback
 .text.HAL_PCD_DataInStageCallback
                0x0800567c        0xe Src/usbd_conf.o
                0x0800567c                HAL_PCD_DataInStageCallback
 .text.HAL_PCD_SOFCallback
                0x0800568a        0x8 Src/usbd_conf.o
                0x0800568a                HAL_PCD_SOFCallback
 .text.HAL_PCD_ResetCallback
                0x08005692       0x1a Src/usbd_conf.o
                0x08005692                HAL_PCD_ResetCallback
 .text.HAL_PCD_SuspendCallback
                0x080056ac       0x20 Src/usbd_conf.o
                0x080056ac                HAL_PCD_SuspendCallback
 .text.HAL_PCD_ResumeCallback
                0x080056cc        0x8 Src/usbd_conf.o
                0x080056cc                HAL_PCD_ResumeCallback
 .text.USBD_LL_Init
                0x080056d4       0x84 Src/usbd_conf.o
                0x080056d4                USBD_LL_Init
 .text.USBD_LL_Start
                0x08005758        0xe Src/usbd_conf.o
                0x08005758                USBD_LL_Start
 .text.USBD_LL_OpenEP
                0x08005766       0x14 Src/usbd_conf.o
                0x08005766                USBD_LL_OpenEP
 .text.USBD_LL_CloseEP
                0x0800577a        0xe Src/usbd_conf.o
                0x0800577a                USBD_LL_CloseEP
 .text.USBD_LL_StallEP
                0x08005788        0xe Src/usbd_conf.o
                0x08005788                USBD_LL_StallEP
 .text.USBD_LL_ClearStallEP
                0x08005796        0xe Src/usbd_conf.o
                0x08005796                USBD_LL_ClearStallEP
 .text.USBD_LL_IsStallEP
                0x080057a4       0x20 Src/usbd_conf.o
                0x080057a4                USBD_LL_IsStallEP
 .text.USBD_LL_SetUSBAddress
                0x080057c4        0xe Src/usbd_conf.o
                0x080057c4                USBD_LL_SetUSBAddress
 .text.USBD_LL_Transmit
                0x080057d2        0xe Src/usbd_conf.o
                0x080057d2                USBD_LL_Transmit
 .text.USBD_LL_PrepareReceive
                0x080057e0        0xe Src/usbd_conf.o
                0x080057e0                USBD_LL_PrepareReceive
 .text.USBD_LL_GetRxDataSize
                0x080057ee        0xc Src/usbd_conf.o
                0x080057ee                USBD_LL_GetRxDataSize
 *fill*         0x080057fa        0x2 
 .text.USBD_static_malloc
                0x080057fc        0x8 Src/usbd_conf.o
                0x080057fc                USBD_static_malloc
 .text.USBD_static_free
                0x08005804        0x2 Src/usbd_conf.o
                0x08005804                USBD_static_free
 .text.HAL_PCDEx_SetConnectionState
                0x08005806        0x2 Src/usbd_conf.o
                0x08005806                HAL_PCDEx_SetConnectionState
 .text.USBD_FS_DeviceDescriptor
                0x08005808        0xc Src/usbd_desc.o
                0x08005808                USBD_FS_DeviceDescriptor
 .text.USBD_FS_LangIDStrDescriptor
                0x08005814        0xc Src/usbd_desc.o
                0x08005814                USBD_FS_LangIDStrDescriptor
 .text.USBD_FS_ManufacturerStrDescriptor
                0x08005820       0x1c Src/usbd_desc.o
                0x08005820                USBD_FS_ManufacturerStrDescriptor
 .text.USBD_FS_ProductStrDescriptor
                0x0800583c       0x1c Src/usbd_desc.o
                0x0800583c                USBD_FS_ProductStrDescriptor
 .text.USBD_FS_SerialStrDescriptor
                0x08005858       0x1c Src/usbd_desc.o
                0x08005858                USBD_FS_SerialStrDescriptor
 .text.USBD_FS_ConfigStrDescriptor
                0x08005874       0x1c Src/usbd_desc.o
                0x08005874                USBD_FS_ConfigStrDescriptor
 .text.USBD_FS_InterfaceStrDescriptor
                0x08005890       0x1c Src/usbd_desc.o
                0x08005890                USBD_FS_InterfaceStrDescriptor
 .text.__libc_init_array
                0x080058ac       0x4c c:/ac6/systemworkbench/plugins/fr.ac6.mcu.externaltools.arm-none.win32_1.7.0.201602121829/tools/compiler/bin/../lib/gcc/arm-none-eabi/5.2.1/../../../../arm-none-eabi/lib/armv7-m\libc_nano.a(lib_a-init.o)
                0x080058ac                __libc_init_array
 .text.memset   0x080058f8       0x10 c:/ac6/systemworkbench/plugins/fr.ac6.mcu.externaltools.arm-none.win32_1.7.0.201602121829/tools/compiler/bin/../lib/gcc/arm-none-eabi/5.2.1/../../../../arm-none-eabi/lib/armv7-m\libc_nano.a(lib_a-memset.o)
                0x080058f8                memset
 .text.__cvt    0x08005908       0xc0 c:/ac6/systemworkbench/plugins/fr.ac6.mcu.externaltools.arm-none.win32_1.7.0.201602121829/tools/compiler/bin/../lib/gcc/arm-none-eabi/5.2.1/../../../../arm-none-eabi/lib/armv7-m\libc_nano.a(lib_a-nano-vfprintf_float.o)
                0x08005908                __cvt
 .text.__exponent
                0x080059c8       0x62 c:/ac6/systemworkbench/plugins/fr.ac6.mcu.externaltools.arm-none.win32_1.7.0.201602121829/tools/compiler/bin/../lib/gcc/arm-none-eabi/5.2.1/../../../../arm-none-eabi/lib/armv7-m\libc_nano.a(lib_a-nano-vfprintf_float.o)
                0x080059c8                __exponent
 *fill*         0x08005a2a        0x2 
 .text._printf_float
                0x08005a2c      0x46c c:/ac6/systemworkbench/plugins/fr.ac6.mcu.externaltools.arm-none.win32_1.7.0.201602121829/tools/compiler/bin/../lib/gcc/arm-none-eabi/5.2.1/../../../../arm-none-eabi/lib/armv7-m\libc_nano.a(lib_a-nano-vfprintf_float.o)
                0x08005a2c                _printf_float
 .text._printf_common
                0x08005e98       0xec c:/ac6/systemworkbench/plugins/fr.ac6.mcu.externaltools.arm-none.win32_1.7.0.201602121829/tools/compiler/bin/../lib/gcc/arm-none-eabi/5.2.1/../../../../arm-none-eabi/lib/armv7-m\libc_nano.a(lib_a-nano-vfprintf_i.o)
                0x08005e98                _printf_common
 .text._printf_i
                0x08005f84      0x24c c:/ac6/systemworkbench/plugins/fr.ac6.mcu.externaltools.arm-none.win32_1.7.0.201602121829/tools/compiler/bin/../lib/gcc/arm-none-eabi/5.2.1/../../../../arm-none-eabi/lib/armv7-m\libc_nano.a(lib_a-nano-vfprintf_i.o)
                0x08005f84                _printf_i
 .text.__fpclassifyd
                0x080061d0       0x50 c:/ac6/systemworkbench/plugins/fr.ac6.mcu.externaltools.arm-none.win32_1.7.0.201602121829/tools/compiler/bin/../lib/gcc/arm-none-eabi/5.2.1/../../../../arm-none-eabi/lib/armv7-m\libc_nano.a(lib_a-s_fpclassify.o)
                0x080061d0                __fpclassifyd
 .text.sprintf  0x08006220       0x48 c:/ac6/systemworkbench/plugins/fr.ac6.mcu.externaltools.arm-none.win32_1.7.0.201602121829/tools/compiler/bin/../lib/gcc/arm-none-eabi/5.2.1/../../../../arm-none-eabi/lib/armv7-m\libc_nano.a(lib_a-sprintf.o)
                0x08006220                siprintf
                0x08006220                sprintf
 .text.quorem   0x08006268      0x116 c:/ac6/systemworkbench/plugins/fr.ac6.mcu.externaltools.arm-none.win32_1.7.0.201602121829/tools/compiler/bin/../lib/gcc/arm-none-eabi/5.2.1/../../../../arm-none-eabi/lib/armv7-m\libc_nano.a(lib_a-dtoa.o)
 *fill*         0x0800637e        0x2 
 .text._dtoa_r  0x08006380      0xb30 c:/ac6/systemworkbench/plugins/fr.ac6.mcu.externaltools.arm-none.win32_1.7.0.201602121829/tools/compiler/bin/../lib/gcc/arm-none-eabi/5.2.1/../../../../arm-none-eabi/lib/armv7-m\libc_nano.a(lib_a-dtoa.o)
                0x08006380                _dtoa_r
 .text._localeconv_r
                0x08006eb0        0x8 c:/ac6/systemworkbench/plugins/fr.ac6.mcu.externaltools.arm-none.win32_1.7.0.201602121829/tools/compiler/bin/../lib/gcc/arm-none-eabi/5.2.1/../../../../arm-none-eabi/lib/armv7-m\libc_nano.a(lib_a-locale.o)
                0x08006eb0                _localeconv_r
 .text.malloc   0x08006eb8       0x10 c:/ac6/systemworkbench/plugins/fr.ac6.mcu.externaltools.arm-none.win32_1.7.0.201602121829/tools/compiler/bin/../lib/gcc/arm-none-eabi/5.2.1/../../../../arm-none-eabi/lib/armv7-m\libc_nano.a(lib_a-malloc.o)
                0x08006eb8                malloc
 .text.memchr   0x08006ec8       0x1c c:/ac6/systemworkbench/plugins/fr.ac6.mcu.externaltools.arm-none.win32_1.7.0.201602121829/tools/compiler/bin/../lib/gcc/arm-none-eabi/5.2.1/../../../../arm-none-eabi/lib/armv7-m\libc_nano.a(lib_a-memchr-stub.o)
                0x08006ec8                memchr
 .text.memcpy   0x08006ee4       0x16 c:/ac6/systemworkbench/plugins/fr.ac6.mcu.externaltools.arm-none.win32_1.7.0.201602121829/tools/compiler/bin/../lib/gcc/arm-none-eabi/5.2.1/../../../../arm-none-eabi/lib/armv7-m\libc_nano.a(lib_a-memcpy-stub.o)
                0x08006ee4                memcpy
 .text._Balloc  0x08006efa       0x6a c:/ac6/systemworkbench/plugins/fr.ac6.mcu.externaltools.arm-none.win32_1.7.0.201602121829/tools/compiler/bin/../lib/gcc/arm-none-eabi/5.2.1/../../../../arm-none-eabi/lib/armv7-m\libc_nano.a(lib_a-mprec.o)
                0x08006efa                _Balloc
 .text._Bfree   0x08006f64       0x2e c:/ac6/systemworkbench/plugins/fr.ac6.mcu.externaltools.arm-none.win32_1.7.0.201602121829/tools/compiler/bin/../lib/gcc/arm-none-eabi/5.2.1/../../../../arm-none-eabi/lib/armv7-m\libc_nano.a(lib_a-mprec.o)
                0x08006f64                _Bfree
 .text.__multadd
                0x08006f92       0x76 c:/ac6/systemworkbench/plugins/fr.ac6.mcu.externaltools.arm-none.win32_1.7.0.201602121829/tools/compiler/bin/../lib/gcc/arm-none-eabi/5.2.1/../../../../arm-none-eabi/lib/armv7-m\libc_nano.a(lib_a-mprec.o)
                0x08006f92                __multadd
 .text.__hi0bits
                0x08007008       0x40 c:/ac6/systemworkbench/plugins/fr.ac6.mcu.externaltools.arm-none.win32_1.7.0.201602121829/tools/compiler/bin/../lib/gcc/arm-none-eabi/5.2.1/../../../../arm-none-eabi/lib/armv7-m\libc_nano.a(lib_a-mprec.o)
                0x08007008                __hi0bits
 .text.__lo0bits
                0x08007048       0x5a c:/ac6/systemworkbench/plugins/fr.ac6.mcu.externaltools.arm-none.win32_1.7.0.201602121829/tools/compiler/bin/../lib/gcc/arm-none-eabi/5.2.1/../../../../arm-none-eabi/lib/armv7-m\libc_nano.a(lib_a-mprec.o)
                0x08007048                __lo0bits
 .text.__i2b    0x080070a2       0x12 c:/ac6/systemworkbench/plugins/fr.ac6.mcu.externaltools.arm-none.win32_1.7.0.201602121829/tools/compiler/bin/../lib/gcc/arm-none-eabi/5.2.1/../../../../arm-none-eabi/lib/armv7-m\libc_nano.a(lib_a-mprec.o)
                0x080070a2                __i2b
 .text.__multiply
                0x080070b4      0x120 c:/ac6/systemworkbench/plugins/fr.ac6.mcu.externaltools.arm-none.win32_1.7.0.201602121829/tools/compiler/bin/../lib/gcc/arm-none-eabi/5.2.1/../../../../arm-none-eabi/lib/armv7-m\libc_nano.a(lib_a-mprec.o)
                0x080070b4                __multiply
 .text.__pow5mult
                0x080071d4       0x9c c:/ac6/systemworkbench/plugins/fr.ac6.mcu.externaltools.arm-none.win32_1.7.0.201602121829/tools/compiler/bin/../lib/gcc/arm-none-eabi/5.2.1/../../../../arm-none-eabi/lib/armv7-m\libc_nano.a(lib_a-mprec.o)
                0x080071d4                __pow5mult
 .text.__lshift
                0x08007270       0xa2 c:/ac6/systemworkbench/plugins/fr.ac6.mcu.externaltools.arm-none.win32_1.7.0.201602121829/tools/compiler/bin/../lib/gcc/arm-none-eabi/5.2.1/../../../../arm-none-eabi/lib/armv7-m\libc_nano.a(lib_a-mprec.o)
                0x08007270                __lshift
 .text.__mcmp   0x08007312       0x38 c:/ac6/systemworkbench/plugins/fr.ac6.mcu.externaltools.arm-none.win32_1.7.0.201602121829/tools/compiler/bin/../lib/gcc/arm-none-eabi/5.2.1/../../../../arm-none-eabi/lib/armv7-m\libc_nano.a(lib_a-mprec.o)
                0x08007312                __mcmp
 .text.__mdiff  0x0800734a       0xbe c:/ac6/systemworkbench/plugins/fr.ac6.mcu.externaltools.arm-none.win32_1.7.0.201602121829/tools/compiler/bin/../lib/gcc/arm-none-eabi/5.2.1/../../../../arm-none-eabi/lib/armv7-m\libc_nano.a(lib_a-mprec.o)
                0x0800734a                __mdiff
 .text.__d2b    0x08007408       0x9c c:/ac6/systemworkbench/plugins/fr.ac6.mcu.externaltools.arm-none.win32_1.7.0.201602121829/tools/compiler/bin/../lib/gcc/arm-none-eabi/5.2.1/../../../../arm-none-eabi/lib/armv7-m\libc_nano.a(lib_a-mprec.o)
                0x08007408                __d2b
 .text._calloc_r
                0x080074a4       0x1c c:/ac6/systemworkbench/plugins/fr.ac6.mcu.externaltools.arm-none.win32_1.7.0.201602121829/tools/compiler/bin/../lib/gcc/arm-none-eabi/5.2.1/../../../../arm-none-eabi/lib/armv7-m\libc_nano.a(lib_a-nano-callocr.o)
                0x080074a4                _calloc_r
 .text._free_r  0x080074c0       0x88 c:/ac6/systemworkbench/plugins/fr.ac6.mcu.externaltools.arm-none.win32_1.7.0.201602121829/tools/compiler/bin/../lib/gcc/arm-none-eabi/5.2.1/../../../../arm-none-eabi/lib/armv7-m\libc_nano.a(lib_a-nano-freer.o)
                0x080074c0                _free_r
 .text._malloc_r
                0x08007548       0xa8 c:/ac6/systemworkbench/plugins/fr.ac6.mcu.externaltools.arm-none.win32_1.7.0.201602121829/tools/compiler/bin/../lib/gcc/arm-none-eabi/5.2.1/../../../../arm-none-eabi/lib/armv7-m\libc_nano.a(lib_a-nano-mallocr.o)
                0x08007548                _malloc_r
 .text.__ssputs_r
                0x080075f0       0xb2 c:/ac6/systemworkbench/plugins/fr.ac6.mcu.externaltools.arm-none.win32_1.7.0.201602121829/tools/compiler/bin/../lib/gcc/arm-none-eabi/5.2.1/../../../../arm-none-eabi/lib/armv7-m\libc_nano.a(lib_a-nano-svfprintf.o)
                0x080075f0                __ssputs_r
 *fill*         0x080076a2        0x2 
 .text._svfprintf_r
                0x080076a4      0x1e8 c:/ac6/systemworkbench/plugins/fr.ac6.mcu.externaltools.arm-none.win32_1.7.0.201602121829/tools/compiler/bin/../lib/gcc/arm-none-eabi/5.2.1/../../../../arm-none-eabi/lib/armv7-m\libc_nano.a(lib_a-nano-svfprintf.o)
                0x080076a4                _svfiprintf_r
                0x080076a4                _svfprintf_r
 .text._sbrk_r  0x0800788c       0x20 c:/ac6/systemworkbench/plugins/fr.ac6.mcu.externaltools.arm-none.win32_1.7.0.201602121829/tools/compiler/bin/../lib/gcc/arm-none-eabi/5.2.1/../../../../arm-none-eabi/lib/armv7-m\libc_nano.a(lib_a-sbrkr.o)
                0x0800788c                _sbrk_r
 .text.memmove  0x080078ac       0x36 c:/ac6/systemworkbench/plugins/fr.ac6.mcu.externaltools.arm-none.win32_1.7.0.201602121829/tools/compiler/bin/../lib/gcc/arm-none-eabi/5.2.1/../../../../arm-none-eabi/lib/armv7-m\libc_nano.a(lib_a-memmove.o)
                0x080078ac                memmove
 .text._realloc_r
                0x080078e2       0x4c c:/ac6/systemworkbench/plugins/fr.ac6.mcu.externaltools.arm-none.win32_1.7.0.201602121829/tools/compiler/bin/../lib/gcc/arm-none-eabi/5.2.1/../../../../arm-none-eabi/lib/armv7-m\libc_nano.a(lib_a-nano-reallocr.o)
                0x080078e2                _realloc_r
 .text._malloc_usable_size_r
                0x0800792e       0x14 c:/ac6/systemworkbench/plugins/fr.ac6.mcu.externaltools.arm-none.win32_1.7.0.201602121829/tools/compiler/bin/../lib/gcc/arm-none-eabi/5.2.1/../../../../arm-none-eabi/lib/armv7-m\libc_nano.a(lib_a-nano-msizer.o)
                0x0800792e                _malloc_usable_size_r
 *fill*         0x08007942        0x2 
 .text._sbrk    0x08007944       0x1c c:/ac6/systemworkbench/plugins/fr.ac6.mcu.externaltools.arm-none.win32_1.7.0.201602121829/tools/compiler/bin/../lib/gcc/arm-none-eabi/5.2.1/../../../../arm-none-eabi/lib/armv7-m\libnosys.a(sbrk.o)
                0x08007944                _sbrk
 *(.glue_7)
 .glue_7        0x08007960        0x0 linker stubs
 *(.glue_7t)
 .glue_7t       0x08007960        0x0 linker stubs
 *(.eh_frame)
 .eh_frame      0x08007960        0x0 c:/ac6/systemworkbench/plugins/fr.ac6.mcu.externaltools.arm-none.win32_1.7.0.201602121829/tools/compiler/bin/../lib/gcc/arm-none-eabi/5.2.1/armv7-m/crtbegin.o
 *(.init)
 .init          0x08007960        0x4 c:/ac6/systemworkbench/plugins/fr.ac6.mcu.externaltools.arm-none.win32_1.7.0.201602121829/tools/compiler/bin/../lib/gcc/arm-none-eabi/5.2.1/armv7-m/crti.o
                0x08007960                _init
 .init          0x08007964        0x8 c:/ac6/systemworkbench/plugins/fr.ac6.mcu.externaltools.arm-none.win32_1.7.0.201602121829/tools/compiler/bin/../lib/gcc/arm-none-eabi/5.2.1/armv7-m/crtn.o
 *(.fini)
 .fini          0x0800796c        0x4 c:/ac6/systemworkbench/plugins/fr.ac6.mcu.externaltools.arm-none.win32_1.7.0.201602121829/tools/compiler/bin/../lib/gcc/arm-none-eabi/5.2.1/armv7-m/crti.o
                0x0800796c                _fini
 .fini          0x08007970        0x8 c:/ac6/systemworkbench/plugins/fr.ac6.mcu.externaltools.arm-none.win32_1.7.0.201602121829/tools/compiler/bin/../lib/gcc/arm-none-eabi/5.2.1/armv7-m/crtn.o
                0x08007978                . = ALIGN (0x4)
                0x08007978                _etext = .

.vfp11_veneer   0x08007978        0x0
 .vfp11_veneer  0x08007978        0x0 linker stubs

.v4_bx          0x08007978        0x0
 .v4_bx         0x08007978        0x0 linker stubs

.iplt           0x08007978        0x0
 .iplt          0x08007978        0x0 c:/ac6/systemworkbench/plugins/fr.ac6.mcu.externaltools.arm-none.win32_1.7.0.201602121829/tools/compiler/bin/../lib/gcc/arm-none-eabi/5.2.1/armv7-m/crtbegin.o

.rodata         0x08007978      0x46c
                0x08007978                . = ALIGN (0x4)
 *(.rodata)
 .rodata        0x08007978       0x18 Drivers/CMSIS/Device/ST/STM32F1xx/Source/Templates/system_stm32f1xx.o
                0x08007978                AHBPrescTable
                0x08007988                APBPrescTable
 .rodata        0x08007990      0x1e0 Drivers/SH1106/SH1106.o
 .rodata        0x08007b70       0x12 Drivers/STM32F1xx_HAL_Driver/Src/stm32f1xx_hal_rcc.o
 .rodata        0x08007b82       0x12 Drivers/STM32F1xx_HAL_Driver/Src/stm32f1xx_hal_rcc_ex.o
 .rodata        0x08007b94       0x24 Src/ui.o
                0x08007b94                LT_StartScreen
                0x08007b9c                LT_MainMenu
 *(.rodata*)
 .rodata.str1.1
                0x08007bb8       0x3e Src/main.o
                                 0x41 (size before relaxing)
 .rodata.str1.1
                0x08007bf6       0x39 Src/ui.o
 .rodata.str1.1
                0x08007c2f       0x4f Src/usbd_desc.o
 .rodata.str1.1
                0x08007c7e        0x2 c:/ac6/systemworkbench/plugins/fr.ac6.mcu.externaltools.arm-none.win32_1.7.0.201602121829/tools/compiler/bin/../lib/gcc/arm-none-eabi/5.2.1/../../../../arm-none-eabi/lib/armv7-m\libc_nano.a(lib_a-impure.o)
 .rodata.str1.1
                0x08007c80       0x12 c:/ac6/systemworkbench/plugins/fr.ac6.mcu.externaltools.arm-none.win32_1.7.0.201602121829/tools/compiler/bin/../lib/gcc/arm-none-eabi/5.2.1/../../../../arm-none-eabi/lib/armv7-m\libc_nano.a(lib_a-nano-vfprintf_float.o)
 .rodata.str1.1
                0x08007c92       0x22 c:/ac6/systemworkbench/plugins/fr.ac6.mcu.externaltools.arm-none.win32_1.7.0.201602121829/tools/compiler/bin/../lib/gcc/arm-none-eabi/5.2.1/../../../../arm-none-eabi/lib/armv7-m\libc_nano.a(lib_a-nano-vfprintf_i.o)
 .rodata.str1.1
                0x08007cb4        0xd c:/ac6/systemworkbench/plugins/fr.ac6.mcu.externaltools.arm-none.win32_1.7.0.201602121829/tools/compiler/bin/../lib/gcc/arm-none-eabi/5.2.1/../../../../arm-none-eabi/lib/armv7-m\libc_nano.a(lib_a-dtoa.o)
                                  0xf (size before relaxing)
 .rodata.str1.1
                0x08007cc1        0x8 c:/ac6/systemworkbench/plugins/fr.ac6.mcu.externaltools.arm-none.win32_1.7.0.201602121829/tools/compiler/bin/../lib/gcc/arm-none-eabi/5.2.1/../../../../arm-none-eabi/lib/armv7-m\libc_nano.a(lib_a-locale.o)
                                  0xb (size before relaxing)
 *fill*         0x08007cc9        0x7 
 .rodata.__mprec_tens
                0x08007cd0       0xc8 c:/ac6/systemworkbench/plugins/fr.ac6.mcu.externaltools.arm-none.win32_1.7.0.201602121829/tools/compiler/bin/../lib/gcc/arm-none-eabi/5.2.1/../../../../arm-none-eabi/lib/armv7-m\libc_nano.a(lib_a-mprec.o)
                0x08007cd0                __mprec_tens
 .rodata.p05.5414
                0x08007d98        0xc c:/ac6/systemworkbench/plugins/fr.ac6.mcu.externaltools.arm-none.win32_1.7.0.201602121829/tools/compiler/bin/../lib/gcc/arm-none-eabi/5.2.1/../../../../arm-none-eabi/lib/armv7-m\libc_nano.a(lib_a-mprec.o)
 *fill*         0x08007da4        0x4 
 .rodata.__mprec_bigtens
                0x08007da8       0x28 c:/ac6/systemworkbench/plugins/fr.ac6.mcu.externaltools.arm-none.win32_1.7.0.201602121829/tools/compiler/bin/../lib/gcc/arm-none-eabi/5.2.1/../../../../arm-none-eabi/lib/armv7-m\libc_nano.a(lib_a-mprec.o)
                0x08007da8                __mprec_bigtens
 .rodata.str1.1
                0x08007dd0       0x11 c:/ac6/systemworkbench/plugins/fr.ac6.mcu.externaltools.arm-none.win32_1.7.0.201602121829/tools/compiler/bin/../lib/gcc/arm-none-eabi/5.2.1/../../../../arm-none-eabi/lib/armv7-m\libc_nano.a(lib_a-nano-svfprintf.o)
                0x08007de4                . = ALIGN (0x4)
 *fill*         0x08007de1        0x3 

.rel.dyn        0x08007de4        0x0
 .rel.iplt      0x08007de4        0x0 c:/ac6/systemworkbench/plugins/fr.ac6.mcu.externaltools.arm-none.win32_1.7.0.201602121829/tools/compiler/bin/../lib/gcc/arm-none-eabi/5.2.1/armv7-m/crtbegin.o

.ARM.extab
 *(.ARM.extab* .gnu.linkonce.armextab.*)

.ARM            0x08007de4        0x0
                0x08007de4                __exidx_start = .
 *(.ARM.exidx*)
                0x08007de4                __exidx_end = .

.preinit_array  0x08007de4        0x0
                0x08007de4                PROVIDE (__preinit_array_start, .)
 *(.preinit_array*)
                0x08007de4                PROVIDE (__preinit_array_end, .)

.init_array     0x08007de4        0x4
                0x08007de4                PROVIDE (__init_array_start, .)
 *(SORT(.init_array.*))
 *(.init_array*)
 .init_array    0x08007de4        0x4 c:/ac6/systemworkbench/plugins/fr.ac6.mcu.externaltools.arm-none.win32_1.7.0.201602121829/tools/compiler/bin/../lib/gcc/arm-none-eabi/5.2.1/armv7-m/crtbegin.o
                0x08007de8                PROVIDE (__init_array_end, .)

.fini_array     0x08007de8        0x4
                [!provide]                PROVIDE (__fini_array_start, .)
 *(SORT(.fini_array.*))
 *(.fini_array*)
 .fini_array    0x08007de8        0x4 c:/ac6/systemworkbench/plugins/fr.ac6.mcu.externaltools.arm-none.win32_1.7.0.201602121829/tools/compiler/bin/../lib/gcc/arm-none-eabi/5.2.1/armv7-m/crtbegin.o
                [!provide]                PROVIDE (__fini_array_end, .)
                0x08007dec                _sidata = LOADADDR (.data)

.data           0x20000000      0x3a0 load address 0x08007dec
                0x20000000                . = ALIGN (0x4)
                0x20000000                _sdata = .
 *(.data)
 .data          0x20000000        0x4 Drivers/CMSIS/Device/ST/STM32F1xx/Source/Templates/system_stm32f1xx.o
                0x20000000                SystemCoreClock
 .data          0x20000004      0x110 Middlewares/ST/STM32_USB_Device_Library/Class/CDC/Src/usbd_cdc.o
                0x20000004                USBD_CDC_CfgFSDesc
                0x20000048                USBD_CDC_CfgHSDesc
                0x2000008c                USBD_CDC_OtherSpeedCfgDesc
                0x200000dc                USBD_CDC
 .data          0x20000114      0x1ac Src/ui.o
                0x20000234                LT_MainMenuItems
 .data          0x200002c0       0x10 Src/usbd_cdc_if.o
                0x200002c0                USBD_Interface_fops_FS
 .data          0x200002d0       0x34 Src/usbd_desc.o
                0x200002d0                USBD_FS_DeviceDesc
                0x200002e4                USBD_LangIDDesc
                0x200002e8                FS_Desc
 *(.data*)
 .data.impure_data
                0x20000304       0x60 c:/ac6/systemworkbench/plugins/fr.ac6.mcu.externaltools.arm-none.win32_1.7.0.201602121829/tools/compiler/bin/../lib/gcc/arm-none-eabi/5.2.1/../../../../arm-none-eabi/lib/armv7-m\libc_nano.a(lib_a-impure.o)
 .data._impure_ptr
                0x20000364        0x4 c:/ac6/systemworkbench/plugins/fr.ac6.mcu.externaltools.arm-none.win32_1.7.0.201602121829/tools/compiler/bin/../lib/gcc/arm-none-eabi/5.2.1/../../../../arm-none-eabi/lib/armv7-m\libc_nano.a(lib_a-impure.o)
                0x20000364                _impure_ptr
 .data.lconv    0x20000368       0x38 c:/ac6/systemworkbench/plugins/fr.ac6.mcu.externaltools.arm-none.win32_1.7.0.201602121829/tools/compiler/bin/../lib/gcc/arm-none-eabi/5.2.1/../../../../arm-none-eabi/lib/armv7-m\libc_nano.a(lib_a-locale.o)
                0x200003a0                . = ALIGN (0x4)
                0x200003a0                _edata = .

.jcr            0x200003a0        0x0 load address 0x0800818c
 .jcr           0x200003a0        0x0 c:/ac6/systemworkbench/plugins/fr.ac6.mcu.externaltools.arm-none.win32_1.7.0.201602121829/tools/compiler/bin/../lib/gcc/arm-none-eabi/5.2.1/armv7-m/crtbegin.o

.tm_clone_table
                0x200003a0        0x0 load address 0x0800818c
 .tm_clone_table
                0x200003a0        0x0 c:/ac6/systemworkbench/plugins/fr.ac6.mcu.externaltools.arm-none.win32_1.7.0.201602121829/tools/compiler/bin/../lib/gcc/arm-none-eabi/5.2.1/armv7-m/crtbegin.o
 .tm_clone_table
                0x200003a0        0x0 c:/ac6/systemworkbench/plugins/fr.ac6.mcu.externaltools.arm-none.win32_1.7.0.201602121829/tools/compiler/bin/../lib/gcc/arm-none-eabi/5.2.1/armv7-m/crtend.o

.igot.plt       0x200003a0        0x0 load address 0x0800818c
 .igot.plt      0x200003a0        0x0 c:/ac6/systemworkbench/plugins/fr.ac6.mcu.externaltools.arm-none.win32_1.7.0.201602121829/tools/compiler/bin/../lib/gcc/arm-none-eabi/5.2.1/armv7-m/crtbegin.o
                0x200003a0                . = ALIGN (0x4)

.bss            0x200003a0     0x20f8 load address 0x0800818c
                0x200003a0                _sbss = .
                0x200003a0                __bss_start__ = _sbss
 *(.bss)
 .bss           0x200003a0       0x1c c:/ac6/systemworkbench/plugins/fr.ac6.mcu.externaltools.arm-none.win32_1.7.0.201602121829/tools/compiler/bin/../lib/gcc/arm-none-eabi/5.2.1/armv7-m/crtbegin.o
 .bss           0x200003bc        0x8 Drivers/SH1106/SH1106.o
                0x200003bc                SH1106_HSPI
 .bss           0x200003c4        0x4 Drivers/STM32F1xx_HAL_Driver/Src/stm32f1xx_hal.o
 .bss           0x200003c8        0x1 Drivers/STM32F1xx_HAL_Driver/Src/stm32f1xx_hal_spi_ex.o
                0x200003c8                uCRCErrorWorkaroundCheck
 .bss           0x200003c9        0x1 Middlewares/ST/STM32_USB_Device_Library/Class/CDC/Src/usbd_cdc.o
 .bss           0x200003ca        0x1 Middlewares/ST/STM32_USB_Device_Library/Core/Src/usbd_ctlreq.o
 .bss           0x200003cb        0x5 Src/main.o
                0x200003cb                RunState
                0x200003cc                enccount
                0x200003cd                Dirty
                0x200003ce                ADC_Count
                0x200003cf                ADC_Done
 .bss           0x200003d0        0x4 Src/stm32f1xx_it.o
 .bss           0x200003d4        0x2 Src/ui.o
                0x200003d4                menupos
                0x200003d5                selecteditem
 *fill*         0x200003d6        0x2 
 .bss           0x200003d8      0x220 Src/usbd_conf.o
 *(.bss*)
 .bss.__malloc_sbrk_start
                0x200005f8        0x4 c:/ac6/systemworkbench/plugins/fr.ac6.mcu.externaltools.arm-none.win32_1.7.0.201602121829/tools/compiler/bin/../lib/gcc/arm-none-eabi/5.2.1/../../../../arm-none-eabi/lib/armv7-m\libc_nano.a(lib_a-nano-mallocr.o)
                0x200005f8                __malloc_sbrk_start
 .bss.__malloc_free_list
                0x200005fc        0x4 c:/ac6/systemworkbench/plugins/fr.ac6.mcu.externaltools.arm-none.win32_1.7.0.201602121829/tools/compiler/bin/../lib/gcc/arm-none-eabi/5.2.1/../../../../arm-none-eabi/lib/armv7-m\libc_nano.a(lib_a-nano-mallocr.o)
                0x200005fc                __malloc_free_list
 .bss.heap_end.4167
                0x20000600        0x4 c:/ac6/systemworkbench/plugins/fr.ac6.mcu.externaltools.arm-none.win32_1.7.0.201602121829/tools/compiler/bin/../lib/gcc/arm-none-eabi/5.2.1/../../../../arm-none-eabi/lib/armv7-m\libnosys.a(sbrk.o)
 *(COMMON)
 COMMON         0x20000604      0x429 Drivers/SH1106/SH1106.o
                0x20000604                disp_buffer
                0x20000a24                Data
 *fill*         0x20000a2d        0x3 
 COMMON         0x20000a30       0x68 Src/adc.o
                0x20000a30                hadc1
                0x20000a60                hdma_adc1
 COMMON         0x20000a98     0x1040 Src/main.o
                0x20000a98                ldr_voltage
                0x20000a9c                voltages
                0x20000abc                values
                0x20001abc                framecount
                0x20001ac0                nextactiontick
                0x20001ac4                ScreenBrightness
                0x20001ac6                ENCBsw
                0x20001acc                ENCSELsw
                0x20001ad2                ENCAsw
 COMMON         0x20001ad8       0x14 Src/rtc.o
                0x20001ad8                hrtc
 COMMON         0x20001aec      0x158 Src/spi.o
                0x20001aec                hspi2
                0x20001b44                hdma_spi2_rx
                0x20001b7c                hspi1
                0x20001bd4                hdma_spi2_tx
                0x20001c0c                hdma_spi1_tx
 COMMON         0x20001c44        0x4 Src/ui.o
                0x20001c44                activemenu
 COMMON         0x20001c48      0x224 Src/usb_device.o
                0x20001c48                hUsbDeviceFS
 COMMON         0x20001e6c        0x8 Src/usbd_cdc_if.o
                0x20001e6c                UserRxBufferFS
                0x20001e70                UserTxBufferFS
 COMMON         0x20001e74      0x420 Src/usbd_conf.o
                0x20001e74                hpcd_USB_FS
 COMMON         0x20002294      0x200 Src/usbd_desc.o
                0x20002294                USBD_StrDesc
 COMMON         0x20002494        0x4 c:/ac6/systemworkbench/plugins/fr.ac6.mcu.externaltools.arm-none.win32_1.7.0.201602121829/tools/compiler/bin/../lib/gcc/arm-none-eabi/5.2.1/../../../../arm-none-eabi/lib/armv7-m\libc_nano.a(lib_a-reent.o)
                0x20002494                errno
                0x20002498                . = ALIGN (0x4)
                0x20002498                _ebss = .
                0x20002498                __bss_end__ = _ebss

._user_heap_stack
                0x20002498      0x600 load address 0x0800818c
                0x20002498                . = ALIGN (0x8)
                0x20002498                PROVIDE (end, .)
                [!provide]                PROVIDE (_end, .)
                0x20002698                . = (. + _Min_Heap_Size)
 *fill*         0x20002498      0x200 
                0x20002a98                . = (. + _Min_Stack_Size)
 *fill*         0x20002698      0x400 
                0x20002a98                . = ALIGN (0x8)

/DISCARD/
 libc.a(*)
 libm.a(*)
 libgcc.a(*)

.ARM.attributes
                0x00000000       0x29
 *(.ARM.attributes)
 .ARM.attributes
                0x00000000       0x1d c:/ac6/systemworkbench/plugins/fr.ac6.mcu.externaltools.arm-none.win32_1.7.0.201602121829/tools/compiler/bin/../lib/gcc/arm-none-eabi/5.2.1/armv7-m/crti.o
 .ARM.attributes
                0x0000001d       0x2d c:/ac6/systemworkbench/plugins/fr.ac6.mcu.externaltools.arm-none.win32_1.7.0.201602121829/tools/compiler/bin/../lib/gcc/arm-none-eabi/5.2.1/armv7-m/crtbegin.o
 .ARM.attributes
                0x0000004a       0x21 Drivers/CMSIS/Device/ST/STM32F1xx/Source/Templates/gcc/startup_stm32f103xb.o
 .ARM.attributes
                0x0000006b       0x33 Drivers/CMSIS/Device/ST/STM32F1xx/Source/Templates/system_stm32f1xx.o
 .ARM.attributes
                0x0000009e       0x33 Drivers/SH1106/SH1106.o
 .ARM.attributes
                0x000000d1       0x33 Drivers/STM32F1xx_HAL_Driver/Src/stm32f1xx_hal.o
 .ARM.attributes
                0x00000104       0x33 Drivers/STM32F1xx_HAL_Driver/Src/stm32f1xx_hal_adc.o
 .ARM.attributes
                0x00000137       0x33 Drivers/STM32F1xx_HAL_Driver/Src/stm32f1xx_hal_adc_ex.o
 .ARM.attributes
                0x0000016a       0x33 Drivers/STM32F1xx_HAL_Driver/Src/stm32f1xx_hal_cortex.o
 .ARM.attributes
                0x0000019d       0x33 Drivers/STM32F1xx_HAL_Driver/Src/stm32f1xx_hal_dma.o
 .ARM.attributes
                0x000001d0       0x33 Drivers/STM32F1xx_HAL_Driver/Src/stm32f1xx_hal_gpio.o
 .ARM.attributes
                0x00000203       0x33 Drivers/STM32F1xx_HAL_Driver/Src/stm32f1xx_hal_pcd.o
 .ARM.attributes
                0x00000236       0x33 Drivers/STM32F1xx_HAL_Driver/Src/stm32f1xx_hal_pcd_ex.o
 .ARM.attributes
                0x00000269       0x33 Drivers/STM32F1xx_HAL_Driver/Src/stm32f1xx_hal_pwr.o
 .ARM.attributes
                0x0000029c       0x33 Drivers/STM32F1xx_HAL_Driver/Src/stm32f1xx_hal_rcc.o
 .ARM.attributes
                0x000002cf       0x33 Drivers/STM32F1xx_HAL_Driver/Src/stm32f1xx_hal_rcc_ex.o
 .ARM.attributes
                0x00000302       0x33 Drivers/STM32F1xx_HAL_Driver/Src/stm32f1xx_hal_rtc.o
 .ARM.attributes
                0x00000335       0x33 Drivers/STM32F1xx_HAL_Driver/Src/stm32f1xx_hal_rtc_ex.o
 .ARM.attributes
                0x00000368       0x33 Drivers/STM32F1xx_HAL_Driver/Src/stm32f1xx_hal_spi.o
 .ARM.attributes
                0x0000039b       0x33 Drivers/STM32F1xx_HAL_Driver/Src/stm32f1xx_hal_spi_ex.o
 .ARM.attributes
                0x000003ce       0x33 Drivers/STM32F1xx_HAL_Driver/Src/stm32f1xx_ll_usb.o
 .ARM.attributes
                0x00000401       0x33 Middlewares/ST/STM32_USB_Device_Library/Class/CDC/Src/usbd_cdc.o
 .ARM.attributes
                0x00000434       0x33 Middlewares/ST/STM32_USB_Device_Library/Core/Src/usbd_core.o
 .ARM.attributes
                0x00000467       0x33 Middlewares/ST/STM32_USB_Device_Library/Core/Src/usbd_ctlreq.o
 .ARM.attributes
                0x0000049a       0x33 Middlewares/ST/STM32_USB_Device_Library/Core/Src/usbd_ioreq.o
 .ARM.attributes
                0x000004cd       0x33 Src/adc.o
 .ARM.attributes
                0x00000500       0x33 Src/dma.o
 .ARM.attributes
                0x00000533       0x33 Src/gpio.o
 .ARM.attributes
                0x00000566       0x33 Src/main.o
 .ARM.attributes
                0x00000599       0x33 Src/rtc.o
 .ARM.attributes
                0x000005cc       0x33 Src/spi.o
 .ARM.attributes
                0x000005ff       0x33 Src/stm32f1xx_hal_msp.o
 .ARM.attributes
                0x00000632       0x33 Src/stm32f1xx_it.o
 .ARM.attributes
                0x00000665       0x33 Src/ui.o
 .ARM.attributes
                0x00000698       0x33 Src/usb_device.o
 .ARM.attributes
                0x000006cb       0x33 Src/usbd_cdc_if.o
 .ARM.attributes
                0x000006fe       0x33 Src/usbd_conf.o
 .ARM.attributes
                0x00000731       0x33 Src/usbd_desc.o
 .ARM.attributes
                0x00000764       0x1d c:/ac6/systemworkbench/plugins/fr.ac6.mcu.externaltools.arm-none.win32_1.7.0.201602121829/tools/compiler/bin/../lib/gcc/arm-none-eabi/5.2.1/armv7-m\libgcc.a(_arm_addsubdf3.o)
 .ARM.attributes
                0x00000781       0x1d c:/ac6/systemworkbench/plugins/fr.ac6.mcu.externaltools.arm-none.win32_1.7.0.201602121829/tools/compiler/bin/../lib/gcc/arm-none-eabi/5.2.1/armv7-m\libgcc.a(_arm_muldivdf3.o)
 .ARM.attributes
                0x0000079e       0x1d c:/ac6/systemworkbench/plugins/fr.ac6.mcu.externaltools.arm-none.win32_1.7.0.201602121829/tools/compiler/bin/../lib/gcc/arm-none-eabi/5.2.1/armv7-m\libgcc.a(_arm_truncdfsf2.o)
 .ARM.attributes
                0x000007bb       0x1d c:/ac6/systemworkbench/plugins/fr.ac6.mcu.externaltools.arm-none.win32_1.7.0.201602121829/tools/compiler/bin/../lib/gcc/arm-none-eabi/5.2.1/armv7-m\libgcc.a(_arm_cmpsf2.o)
 .ARM.attributes
                0x000007d8       0x2d c:/ac6/systemworkbench/plugins/fr.ac6.mcu.externaltools.arm-none.win32_1.7.0.201602121829/tools/compiler/bin/../lib/gcc/arm-none-eabi/5.2.1/../../../../arm-none-eabi/lib/armv7-m\libc_nano.a(lib_a-impure.o)
 .ARM.attributes
                0x00000805       0x2d c:/ac6/systemworkbench/plugins/fr.ac6.mcu.externaltools.arm-none.win32_1.7.0.201602121829/tools/compiler/bin/../lib/gcc/arm-none-eabi/5.2.1/../../../../arm-none-eabi/lib/armv7-m\libc_nano.a(lib_a-init.o)
 .ARM.attributes
                0x00000832       0x2d c:/ac6/systemworkbench/plugins/fr.ac6.mcu.externaltools.arm-none.win32_1.7.0.201602121829/tools/compiler/bin/../lib/gcc/arm-none-eabi/5.2.1/../../../../arm-none-eabi/lib/armv7-m\libc_nano.a(lib_a-memset.o)
 .ARM.attributes
                0x0000085f       0x2d c:/ac6/systemworkbench/plugins/fr.ac6.mcu.externaltools.arm-none.win32_1.7.0.201602121829/tools/compiler/bin/../lib/gcc/arm-none-eabi/5.2.1/../../../../arm-none-eabi/lib/armv7-m\libc_nano.a(lib_a-nano-vfprintf_float.o)
 .ARM.attributes
                0x0000088c       0x2d c:/ac6/systemworkbench/plugins/fr.ac6.mcu.externaltools.arm-none.win32_1.7.0.201602121829/tools/compiler/bin/../lib/gcc/arm-none-eabi/5.2.1/../../../../arm-none-eabi/lib/armv7-m\libc_nano.a(lib_a-nano-vfprintf_i.o)
 .ARM.attributes
                0x000008b9       0x2d c:/ac6/systemworkbench/plugins/fr.ac6.mcu.externaltools.arm-none.win32_1.7.0.201602121829/tools/compiler/bin/../lib/gcc/arm-none-eabi/5.2.1/../../../../arm-none-eabi/lib/armv7-m\libc_nano.a(lib_a-s_fpclassify.o)
 .ARM.attributes
                0x000008e6       0x2d c:/ac6/systemworkbench/plugins/fr.ac6.mcu.externaltools.arm-none.win32_1.7.0.201602121829/tools/compiler/bin/../lib/gcc/arm-none-eabi/5.2.1/../../../../arm-none-eabi/lib/armv7-m\libc_nano.a(lib_a-sprintf.o)
 .ARM.attributes
                0x00000913       0x17 c:/ac6/systemworkbench/plugins/fr.ac6.mcu.externaltools.arm-none.win32_1.7.0.201602121829/tools/compiler/bin/../lib/gcc/arm-none-eabi/5.2.1/../../../../arm-none-eabi/lib/armv7-m\libc_nano.a(lib_a-strlen.o)
 .ARM.attributes
                0x0000092a       0x2d c:/ac6/systemworkbench/plugins/fr.ac6.mcu.externaltools.arm-none.win32_1.7.0.201602121829/tools/compiler/bin/../lib/gcc/arm-none-eabi/5.2.1/../../../../arm-none-eabi/lib/armv7-m\libc_nano.a(lib_a-dtoa.o)
 .ARM.attributes
                0x00000957       0x2d c:/ac6/systemworkbench/plugins/fr.ac6.mcu.externaltools.arm-none.win32_1.7.0.201602121829/tools/compiler/bin/../lib/gcc/arm-none-eabi/5.2.1/../../../../arm-none-eabi/lib/armv7-m\libc_nano.a(lib_a-locale.o)
 .ARM.attributes
                0x00000984       0x2d c:/ac6/systemworkbench/plugins/fr.ac6.mcu.externaltools.arm-none.win32_1.7.0.201602121829/tools/compiler/bin/../lib/gcc/arm-none-eabi/5.2.1/../../../../arm-none-eabi/lib/armv7-m\libc_nano.a(lib_a-malloc.o)
 .ARM.attributes
                0x000009b1       0x2d c:/ac6/systemworkbench/plugins/fr.ac6.mcu.externaltools.arm-none.win32_1.7.0.201602121829/tools/compiler/bin/../lib/gcc/arm-none-eabi/5.2.1/../../../../arm-none-eabi/lib/armv7-m\libc_nano.a(lib_a-memchr-stub.o)
 .ARM.attributes
                0x000009de       0x2d c:/ac6/systemworkbench/plugins/fr.ac6.mcu.externaltools.arm-none.win32_1.7.0.201602121829/tools/compiler/bin/../lib/gcc/arm-none-eabi/5.2.1/../../../../arm-none-eabi/lib/armv7-m\libc_nano.a(lib_a-memcpy-stub.o)
 .ARM.attributes
                0x00000a0b       0x2d c:/ac6/systemworkbench/plugins/fr.ac6.mcu.externaltools.arm-none.win32_1.7.0.201602121829/tools/compiler/bin/../lib/gcc/arm-none-eabi/5.2.1/../../../../arm-none-eabi/lib/armv7-m\libc_nano.a(lib_a-mprec.o)
 .ARM.attributes
                0x00000a38       0x2d c:/ac6/systemworkbench/plugins/fr.ac6.mcu.externaltools.arm-none.win32_1.7.0.201602121829/tools/compiler/bin/../lib/gcc/arm-none-eabi/5.2.1/../../../../arm-none-eabi/lib/armv7-m\libc_nano.a(lib_a-nano-callocr.o)
 .ARM.attributes
                0x00000a65       0x2d c:/ac6/systemworkbench/plugins/fr.ac6.mcu.externaltools.arm-none.win32_1.7.0.201602121829/tools/compiler/bin/../lib/gcc/arm-none-eabi/5.2.1/../../../../arm-none-eabi/lib/armv7-m\libc_nano.a(lib_a-nano-freer.o)
 .ARM.attributes
                0x00000a92       0x2d c:/ac6/systemworkbench/plugins/fr.ac6.mcu.externaltools.arm-none.win32_1.7.0.201602121829/tools/compiler/bin/../lib/gcc/arm-none-eabi/5.2.1/../../../../arm-none-eabi/lib/armv7-m\libc_nano.a(lib_a-nano-mallocr.o)
 .ARM.attributes
                0x00000abf       0x2d c:/ac6/systemworkbench/plugins/fr.ac6.mcu.externaltools.arm-none.win32_1.7.0.201602121829/tools/compiler/bin/../lib/gcc/arm-none-eabi/5.2.1/../../../../arm-none-eabi/lib/armv7-m\libc_nano.a(lib_a-nano-svfprintf.o)
 .ARM.attributes
                0x00000aec       0x2d c:/ac6/systemworkbench/plugins/fr.ac6.mcu.externaltools.arm-none.win32_1.7.0.201602121829/tools/compiler/bin/../lib/gcc/arm-none-eabi/5.2.1/../../../../arm-none-eabi/lib/armv7-m\libc_nano.a(lib_a-sbrkr.o)
 .ARM.attributes
                0x00000b19       0x2d c:/ac6/systemworkbench/plugins/fr.ac6.mcu.externaltools.arm-none.win32_1.7.0.201602121829/tools/compiler/bin/../lib/gcc/arm-none-eabi/5.2.1/../../../../arm-none-eabi/lib/armv7-m\libc_nano.a(lib_a-memmove.o)
 .ARM.attributes
                0x00000b46       0x2d c:/ac6/systemworkbench/plugins/fr.ac6.mcu.externaltools.arm-none.win32_1.7.0.201602121829/tools/compiler/bin/../lib/gcc/arm-none-eabi/5.2.1/../../../../arm-none-eabi/lib/armv7-m\libc_nano.a(lib_a-nano-reallocr.o)
 .ARM.attributes
                0x00000b73       0x2d c:/ac6/systemworkbench/plugins/fr.ac6.mcu.externaltools.arm-none.win32_1.7.0.201602121829/tools/compiler/bin/../lib/gcc/arm-none-eabi/5.2.1/../../../../arm-none-eabi/lib/armv7-m\libc_nano.a(lib_a-reent.o)
 .ARM.attributes
                0x00000ba0       0x2d c:/ac6/systemworkbench/plugins/fr.ac6.mcu.externaltools.arm-none.win32_1.7.0.201602121829/tools/compiler/bin/../lib/gcc/arm-none-eabi/5.2.1/../../../../arm-none-eabi/lib/armv7-m\libc_nano.a(lib_a-nano-msizer.o)
 .ARM.attributes
                0x00000bcd       0x1d c:/ac6/systemworkbench/plugins/fr.ac6.mcu.externaltools.arm-none.win32_1.7.0.201602121829/tools/compiler/bin/../lib/gcc/arm-none-eabi/5.2.1/armv7-m\libgcc.a(_arm_cmpdf2.o)
 .ARM.attributes
                0x00000bea       0x1d c:/ac6/systemworkbench/plugins/fr.ac6.mcu.externaltools.arm-none.win32_1.7.0.201602121829/tools/compiler/bin/../lib/gcc/arm-none-eabi/5.2.1/armv7-m\libgcc.a(_arm_fixdfsi.o)
 .ARM.attributes
                0x00000c07       0x2d c:/ac6/systemworkbench/plugins/fr.ac6.mcu.externaltools.arm-none.win32_1.7.0.201602121829/tools/compiler/bin/../lib/gcc/arm-none-eabi/5.2.1/../../../../arm-none-eabi/lib/armv7-m\libnosys.a(sbrk.o)
 .ARM.attributes
                0x00000c34       0x2d c:/ac6/systemworkbench/plugins/fr.ac6.mcu.externaltools.arm-none.win32_1.7.0.201602121829/tools/compiler/bin/../lib/gcc/arm-none-eabi/5.2.1/armv7-m/crtend.o
 .ARM.attributes
                0x00000c61       0x1d c:/ac6/systemworkbench/plugins/fr.ac6.mcu.externaltools.arm-none.win32_1.7.0.201602121829/tools/compiler/bin/../lib/gcc/arm-none-eabi/5.2.1/armv7-m/crtn.o
OUTPUT(LightningTrigger.elf elf32-littlearm)

.debug_line     0x00000000    0x16056
 .debug_line    0x00000000       0xac Drivers/CMSIS/Device/ST/STM32F1xx/Source/Templates/gcc/startup_stm32f103xb.o
 .debug_line    0x000000ac      0x829 Drivers/CMSIS/Device/ST/STM32F1xx/Source/Templates/system_stm32f1xx.o
 .debug_line    0x000008d5      0x967 Drivers/SH1106/SH1106.o
 .debug_line    0x0000123c      0x933 Drivers/STM32F1xx_HAL_Driver/Src/stm32f1xx_hal.o
 .debug_line    0x00001b6f      0xd8f Drivers/STM32F1xx_HAL_Driver/Src/stm32f1xx_hal_adc.o
 .debug_line    0x000028fe      0xc41 Drivers/STM32F1xx_HAL_Driver/Src/stm32f1xx_hal_adc_ex.o
 .debug_line    0x0000353f      0x9a4 Drivers/STM32F1xx_HAL_Driver/Src/stm32f1xx_hal_cortex.o
 .debug_line    0x00003ee3      0xc4d Drivers/STM32F1xx_HAL_Driver/Src/stm32f1xx_hal_dma.o
 .debug_line    0x00004b30      0x96a Drivers/STM32F1xx_HAL_Driver/Src/stm32f1xx_hal_gpio.o
 .debug_line    0x0000549a      0xc04 Drivers/STM32F1xx_HAL_Driver/Src/stm32f1xx_hal_pcd.o
 .debug_line    0x0000609e      0x808 Drivers/STM32F1xx_HAL_Driver/Src/stm32f1xx_hal_pcd_ex.o
 .debug_line    0x000068a6      0x990 Drivers/STM32F1xx_HAL_Driver/Src/stm32f1xx_hal_pwr.o
 .debug_line    0x00007236      0xd0a Drivers/STM32F1xx_HAL_Driver/Src/stm32f1xx_hal_rcc.o
 .debug_line    0x00007f40      0x917 Drivers/STM32F1xx_HAL_Driver/Src/stm32f1xx_hal_rcc_ex.o
 .debug_line    0x00008857      0xc08 Drivers/STM32F1xx_HAL_Driver/Src/stm32f1xx_hal_rtc.o
 .debug_line    0x0000945f      0x9e0 Drivers/STM32F1xx_HAL_Driver/Src/stm32f1xx_hal_rtc_ex.o
 .debug_line    0x00009e3f     0x1101 Drivers/STM32F1xx_HAL_Driver/Src/stm32f1xx_hal_spi.o
 .debug_line    0x0000af40      0x82b Drivers/STM32F1xx_HAL_Driver/Src/stm32f1xx_hal_spi_ex.o
 .debug_line    0x0000b76b      0xadf Drivers/STM32F1xx_HAL_Driver/Src/stm32f1xx_ll_usb.o
 .debug_line    0x0000c24a      0xad9 Middlewares/ST/STM32_USB_Device_Library/Class/CDC/Src/usbd_cdc.o
 .debug_line    0x0000cd23      0xa88 Middlewares/ST/STM32_USB_Device_Library/Core/Src/usbd_core.o
 .debug_line    0x0000d7ab      0x9e3 Middlewares/ST/STM32_USB_Device_Library/Core/Src/usbd_ctlreq.o
 .debug_line    0x0000e18e      0x955 Middlewares/ST/STM32_USB_Device_Library/Core/Src/usbd_ioreq.o
 .debug_line    0x0000eae3      0x855 Src/adc.o
 .debug_line    0x0000f338      0x7d6 Src/dma.o
 .debug_line    0x0000fb0e      0x828 Src/gpio.o
 .debug_line    0x00010336      0xadd Src/main.o
 .debug_line    0x00010e13      0x818 Src/rtc.o
 .debug_line    0x0001162b      0x8c0 Src/spi.o
 .debug_line    0x00011eeb      0x7d8 Src/stm32f1xx_hal_msp.o
 .debug_line    0x000126c3      0x909 Src/stm32f1xx_it.o
 .debug_line    0x00012fcc      0x913 Src/ui.o
 .debug_line    0x000138df      0x95c Src/usb_device.o
 .debug_line    0x0001423b      0x98c Src/usbd_cdc_if.o
 .debug_line    0x00014bc7      0xb63 Src/usbd_conf.o
 .debug_line    0x0001572a      0x92c Src/usbd_desc.o

.debug_info     0x00000000    0x17bbc
 .debug_info    0x00000000       0xae Drivers/CMSIS/Device/ST/STM32F1xx/Source/Templates/gcc/startup_stm32f103xb.o
 .debug_info    0x000000ae      0x3d1 Drivers/CMSIS/Device/ST/STM32F1xx/Source/Templates/system_stm32f1xx.o
 .debug_info    0x0000047f      0xec9 Drivers/SH1106/SH1106.o
 .debug_info    0x00001348      0x68a Drivers/STM32F1xx_HAL_Driver/Src/stm32f1xx_hal.o
 .debug_info    0x000019d2      0xf9d Drivers/STM32F1xx_HAL_Driver/Src/stm32f1xx_hal_adc.o
 .debug_info    0x0000296f      0xc4e Drivers/STM32F1xx_HAL_Driver/Src/stm32f1xx_hal_adc_ex.o
 .debug_info    0x000035bd      0xc10 Drivers/STM32F1xx_HAL_Driver/Src/stm32f1xx_hal_cortex.o
 .debug_info    0x000041cd      0x64b Drivers/STM32F1xx_HAL_Driver/Src/stm32f1xx_hal_dma.o
 .debug_info    0x00004818      0x60f Drivers/STM32F1xx_HAL_Driver/Src/stm32f1xx_hal_gpio.o
 .debug_info    0x00004e27      0xfdd Drivers/STM32F1xx_HAL_Driver/Src/stm32f1xx_hal_pcd.o
 .debug_info    0x00005e04      0x5a9 Drivers/STM32F1xx_HAL_Driver/Src/stm32f1xx_hal_pcd_ex.o
 .debug_info    0x000063ad      0x7a0 Drivers/STM32F1xx_HAL_Driver/Src/stm32f1xx_hal_pwr.o
 .debug_info    0x00006b4d     0x123f Drivers/STM32F1xx_HAL_Driver/Src/stm32f1xx_hal_rcc.o
 .debug_info    0x00007d8c      0x576 Drivers/STM32F1xx_HAL_Driver/Src/stm32f1xx_hal_rcc_ex.o
 .debug_info    0x00008302     0x1212 Drivers/STM32F1xx_HAL_Driver/Src/stm32f1xx_hal_rtc.o
 .debug_info    0x00009514      0x6ec Drivers/STM32F1xx_HAL_Driver/Src/stm32f1xx_hal_rtc_ex.o
 .debug_info    0x00009c00     0x145f Drivers/STM32F1xx_HAL_Driver/Src/stm32f1xx_hal_spi.o
 .debug_info    0x0000b05f      0x5ad Drivers/STM32F1xx_HAL_Driver/Src/stm32f1xx_hal_spi_ex.o
 .debug_info    0x0000b60c      0xd6a Drivers/STM32F1xx_HAL_Driver/Src/stm32f1xx_ll_usb.o
 .debug_info    0x0000c376      0xc84 Middlewares/ST/STM32_USB_Device_Library/Class/CDC/Src/usbd_cdc.o
 .debug_info    0x0000cffa      0xbdd Middlewares/ST/STM32_USB_Device_Library/Core/Src/usbd_core.o
 .debug_info    0x0000dbd7      0xbcb Middlewares/ST/STM32_USB_Device_Library/Core/Src/usbd_ctlreq.o
 .debug_info    0x0000e7a2      0x765 Middlewares/ST/STM32_USB_Device_Library/Core/Src/usbd_ioreq.o
 .debug_info    0x0000ef07      0x9a4 Src/adc.o
 .debug_info    0x0000f8ab      0x3a5 Src/dma.o
 .debug_info    0x0000fc50      0x5d6 Src/gpio.o
 .debug_info    0x00010226     0x192d Src/main.o
 .debug_info    0x00011b53      0x738 Src/rtc.o
 .debug_info    0x0001228b      0xabb Src/spi.o
 .debug_info    0x00012d46      0x436 Src/stm32f1xx_hal_msp.o
 .debug_info    0x0001317c     0x1203 Src/stm32f1xx_it.o
 .debug_info    0x0001437f      0xebb Src/ui.o
 .debug_info    0x0001523a      0x619 Src/usb_device.o
 .debug_info    0x00015853      0x81a Src/usbd_cdc_if.o
 .debug_info    0x0001606d     0x1660 Src/usbd_conf.o
 .debug_info    0x000176cd      0x4ef Src/usbd_desc.o

.debug_abbrev   0x00000000     0x4b47
 .debug_abbrev  0x00000000       0x12 Drivers/CMSIS/Device/ST/STM32F1xx/Source/Templates/gcc/startup_stm32f103xb.o
 .debug_abbrev  0x00000012      0x125 Drivers/CMSIS/Device/ST/STM32F1xx/Source/Templates/system_stm32f1xx.o
 .debug_abbrev  0x00000137      0x2bd Drivers/SH1106/SH1106.o
 .debug_abbrev  0x000003f4      0x231 Drivers/STM32F1xx_HAL_Driver/Src/stm32f1xx_hal.o
 .debug_abbrev  0x00000625      0x2c2 Drivers/STM32F1xx_HAL_Driver/Src/stm32f1xx_hal_adc.o